Component: ARM Compiler 5.06 update 7 (build 960) Tool: armlink [4d3601]

==============================================================================

Section Cross References

    startup.o(STACK) refers (Special) to heapauxi.o(.text) for __use_two_region_memory
    startup.o(HEAP) refers (Special) to heapauxi.o(.text) for __use_two_region_memory
    startup.o(RESET) refers (Special) to heapauxi.o(.text) for __use_two_region_memory
    startup.o(RESET) refers to startup.o(STACK) for StackMem
    startup.o(RESET) refers to spaceinvaders.o(i.SysTick_Handler) for SysTick_Handler
    startup.o(RESET) refers to spaceinvaders.o(i.Timer0A_Handler) for Timer0A_Handler
    startup.o(RESET) refers to spaceinvaders.o(i.Timer1A_Handler) for Timer1A_Handler
    startup.o(RESET) refers to wave.o(i.Timer2A_Handler) for Timer2A_Handler
    startup.o(RESET) refers to spaceinvaders.o(i.Timer3A_Handler) for Timer3A_Handler
    startup.o(RESET) refers to texas.o(i.Timer5A_Handler) for Timer5A_Handler
    startup.o(RESET) refers to __main.o(!!!main) for __main
    startup.o(.text) refers (Special) to heapauxi.o(.text) for __use_two_region_memory
    startup.o(.text) refers to startup.o(HEAP) for HeapMem
    startup.o(.text) refers to startup.o(STACK) for StackMem
    random.o(.text) refers to random.o(DATA) for M
    spaceinvaders.o(i.Check_Bottom) refers to spaceinvaders.o(.data) for Enemies
    spaceinvaders.o(i.Check_Collision) refers to wave.o(i.Wave_Killed) for Wave_Killed
    spaceinvaders.o(i.Check_Collision) refers to spaceinvaders.o(.data) for Enemies
    spaceinvaders.o(i.Check_Collision) refers to wave.o(.data) for index
    spaceinvaders.o(i.Check_Deaths) refers to spaceinvaders.o(.data) for Enemies
    spaceinvaders.o(i.Game_Over) refers to st7735.o(i.ST7735_FillScreen) for ST7735_FillScreen
    spaceinvaders.o(i.Game_Over) refers to st7735.o(i.ST7735_SetCursor) for ST7735_SetCursor
    spaceinvaders.o(i.Game_Over) refers to st7735.o(i.ST7735_OutString) for ST7735_OutString
    spaceinvaders.o(i.Game_Over) refers to st7735.o(i.ST7735_OutUDec) for ST7735_OutUDec
    spaceinvaders.o(i.Game_Over) refers to spaceinvaders.o(.data) for Score
    spaceinvaders.o(i.Instructions_English) refers to st7735.o(i.ST7735_FillScreen) for ST7735_FillScreen
    spaceinvaders.o(i.Instructions_English) refers to st7735.o(i.ST7735_SetCursor) for ST7735_SetCursor
    spaceinvaders.o(i.Instructions_English) refers to st7735.o(i.ST7735_OutString) for ST7735_OutString
    spaceinvaders.o(i.Instructions_Spanish) refers to st7735.o(i.ST7735_FillScreen) for ST7735_FillScreen
    spaceinvaders.o(i.Instructions_Spanish) refers to st7735.o(i.ST7735_SetCursor) for ST7735_SetCursor
    spaceinvaders.o(i.Instructions_Spanish) refers to st7735.o(i.ST7735_OutString) for ST7735_OutString
    spaceinvaders.o(i.Language_Select_Page) refers to st7735.o(i.ST7735_FillScreen) for ST7735_FillScreen
    spaceinvaders.o(i.Language_Select_Page) refers to st7735.o(i.ST7735_SetCursor) for ST7735_SetCursor
    spaceinvaders.o(i.Language_Select_Page) refers to st7735.o(i.ST7735_OutString) for ST7735_OutString
    spaceinvaders.o(i.Mode_Choice_Page_English) refers to st7735.o(i.ST7735_FillScreen) for ST7735_FillScreen
    spaceinvaders.o(i.Mode_Choice_Page_English) refers to st7735.o(i.ST7735_SetCursor) for ST7735_SetCursor
    spaceinvaders.o(i.Mode_Choice_Page_English) refers to st7735.o(i.ST7735_OutString) for ST7735_OutString
    spaceinvaders.o(i.Mode_Choice_Page_Spanish) refers to st7735.o(i.ST7735_FillScreen) for ST7735_FillScreen
    spaceinvaders.o(i.Mode_Choice_Page_Spanish) refers to st7735.o(i.ST7735_SetCursor) for ST7735_SetCursor
    spaceinvaders.o(i.Mode_Choice_Page_Spanish) refers to st7735.o(i.ST7735_OutString) for ST7735_OutString
    spaceinvaders.o(i.Opening_Page_English) refers to st7735.o(i.ST7735_FillScreen) for ST7735_FillScreen
    spaceinvaders.o(i.Opening_Page_English) refers to st7735.o(i.ST7735_SetCursor) for ST7735_SetCursor
    spaceinvaders.o(i.Opening_Page_English) refers to st7735.o(i.ST7735_OutString) for ST7735_OutString
    spaceinvaders.o(i.Opening_Page_English) refers to spaceinvaders.o(i.Delay100ms) for Delay100ms
    spaceinvaders.o(i.Opening_Page_English) refers to spaceinvaders.o(.data) for i
    spaceinvaders.o(i.Opening_Page_Spanish) refers to st7735.o(i.ST7735_FillScreen) for ST7735_FillScreen
    spaceinvaders.o(i.Opening_Page_Spanish) refers to st7735.o(i.ST7735_SetCursor) for ST7735_SetCursor
    spaceinvaders.o(i.Opening_Page_Spanish) refers to st7735.o(i.ST7735_OutString) for ST7735_OutString
    spaceinvaders.o(i.Opening_Page_Spanish) refers to spaceinvaders.o(i.Delay100ms) for Delay100ms
    spaceinvaders.o(i.Opening_Page_Spanish) refers to spaceinvaders.o(.data) for i
    spaceinvaders.o(i.Pause_Menu) refers to st7735.o(i.ST7735_FillScreen) for ST7735_FillScreen
    spaceinvaders.o(i.Pause_Menu) refers to st7735.o(i.ST7735_SetCursor) for ST7735_SetCursor
[...]
    wave.o(i.Timer2A_Handler) refers to dac.o(i.DAC_Out) for DAC_Out
    wave.o(i.Timer2A_Handler) refers to wave.o(i.Wave_Stop) for Wave_Stop
    wave.o(i.Timer2A_Handler) refers to wave.o(.data) for index
    wave.o(i.Timer2A_Handler) refers to spaceinvaders.o(.data) for Function
    wave.o(i.Wave_Explosion) refers to wave.o(i.Wave_Start) for Wave_Start
    wave.o(i.Wave_Explosion) refers to wave.o(.constdata) for explosion
    wave.o(i.Wave_Highpitch) refers to wave.o(i.Wave_Start) for Wave_Start
    wave.o(i.Wave_Highpitch) refers to wave.o(.constdata) for highpitch
    wave.o(i.Wave_Init) refers to wave.o(i.Timer2A_Init) for Timer2A_Init
    wave.o(i.Wave_Init) refers to wave.o(i.Wave_Stop) for Wave_Stop
    wave.o(i.Wave_Init) refers to dac.o(i.DAC_Init) for DAC_Init
    wave.o(i.Wave_Killed) refers to wave.o(i.Wave_Start) for Wave_Start
    wave.o(i.Wave_Killed) refers to wave.o(.constdata) for invaderkilled
    wave.o(i.Wave_Shoot) refers to wave.o(i.Wave_Start) for Wave_Start
    wave.o(i.Wave_Shoot) refers to wave.o(.constdata) for shoot
    wave.o(i.Wave_Start) refers to wave.o(i.Timer2A_Start) for Timer2A_Start
    wave.o(i.Wave_Start) refers to wave.o(.data) for current
    __main.o(!!!main) refers to __rtentry.o(.ARM.Collect$$rtentry$$00000000) for __rt_entry
    __rtentry.o(.ARM.Collect$$rtentry$$00000000) refers (Special) to __rtentry2.o(.ARM.Collect$$rtentry$$0000000A) for __rt_entry_li
    __rtentry.o(.ARM.Collect$$rtentry$$00000000) refers (Special) to __rtentry2.o(.ARM.Collect$$rtentry$$0000000D) for __rt_entry_main
    __rtentry.o(.ARM.Collect$$rtentry$$00000000) refers (Special) to __rtentry2.o(.ARM.Collect$$rtentry$$0000000C) for __rt_entry_postli_1
    __rtentry.o(.ARM.Collect$$rtentry$$00000000) refers (Special) to __rtentry2.o(.ARM.Collect$$rtentry$$00000009) for __rt_entry_postsh_1
    __rtentry.o(.ARM.Collect$$rtentry$$00000000) refers (Special) to __rtentry2.o(.ARM.Collect$$rtentry$$00000002) for __rt_entry_presh_1
    __rtentry.o(.ARM.Collect$$rtentry$$00000000) refers (Special) to __rtentry4.o(.ARM.Collect$$rtentry$$00000004) for __rt_entry_sh
    __rtentry2.o(.ARM.Collect$$rtentry$$00000008) refers to boardinit2.o(.text) for _platform_post_stackheap_init
    __rtentry2.o(.ARM.Collect$$rtentry$$0000000A) refers to libinit.o(.ARM.Collect$$libinit$$00000000) for __rt_lib_init
    __rtentry2.o(.ARM.Collect$$rtentry$$0000000B) refers to boardinit3.o(.text) for _platform_post_lib_init
    __rtentry2.o(.ARM.Collect$$rtentry$$0000000D) refers to spaceinvaders.o(i.main) for main
    __rtentry2.o(.ARM.Collect$$rtentry$$0000000D) refers to exit.o(.text) for exit
    __rtentry2.o(.ARM.exidx) refers to __rtentry2.o(.ARM.Collect$$rtentry$$00000001) for .ARM.Collect$$rtentry$$00000001
    __rtentry2.o(.ARM.exidx) refers to __rtentry2.o(.ARM.Collect$$rtentry$$00000008) for .ARM.Collect$$rtentry$$00000008
    __rtentry2.o(.ARM.exidx) refers to __rtentry2.o(.ARM.Collect$$rtentry$$0000000A) for .ARM.Collect$$rtentry$$0000000A
    __rtentry2.o(.ARM.exidx) refers to __rtentry2.o(.ARM.Collect$$rtentry$$0000000B) for .ARM.Collect$$rtentry$$0000000B
    __rtentry2.o(.ARM.exidx) refers to __rtentry2.o(.ARM.Collect$$rtentry$$0000000D) for .ARM.Collect$$rtentry$$0000000D
    __rtentry4.o(.ARM.Collect$$rtentry$$00000004) refers to sys_stackheap_outer.o(.text) for __user_setup_stackheap
    __rtentry4.o(.ARM.exidx) refers to __rtentry4.o(.ARM.Collect$$rtentry$$00000004) for .ARM.Collect$$rtentry$$00000004
    sys_stackheap_outer.o(.text) refers to libspace.o(.text) for __user_perproc_libspace
    sys_stackheap_outer.o(.text) refers to startup.o(.text) for __user_initial_stackheap
    exit.o(.text) refers to rtexit.o(.ARM.Collect$$rtexit$$00000000) for __rt_exit
    libinit.o(.ARM.Collect$$libinit$$00000000) refers (Special) to libinit2.o(.ARM.Collect$$libinit$$0000002E) for __rt_lib_init_alloca_1
    libinit.o(.ARM.Collect$$libinit$$00000000) refers (Special) to libinit2.o(.ARM.Collect$$libinit$$0000002C) for __rt_lib_init_argv_1
    libinit.o(.ARM.Collect$$libinit$$00000000) refers (Special) to libinit2.o(.ARM.Collect$$libinit$$0000001B) for __rt_lib_init_atexit_1
    libinit.o(.ARM.Collect$$libinit$$00000000) refers (Special) to libinit2.o(.ARM.Collect$$libinit$$00000021) for __rt_lib_init_clock_1
    libinit.o(.ARM.Collect$$libinit$$00000000) refers (Special) to libinit2.o(.ARM.Collect$$libinit$$00000032) for __rt_lib_init_cpp_1
    libinit.o(.ARM.Collect$$libinit$$00000000) refers (Special) to libinit2.o(.ARM.Collect$$libinit$$00000030) for __rt_lib_init_exceptions_1
    libinit.o(.ARM.Collect$$libinit$$00000000) refers (Special) to libinit2.o(.ARM.Collect$$libinit$$00000002) for __rt_lib_init_fp_1
    libinit.o(.ARM.Collect$$libinit$$00000000) refers (Special) to libinit2.o(.ARM.Collect$$libinit$$0000001F) for __rt_lib_init_fp_trap_1
    libinit.o(.ARM.Collect$$libinit$$00000000) refers (Special) to libinit2.o(.ARM.Collect$$libinit$$00000023) for __rt_lib_init_getenv_1
    libinit.o(.ARM.Collect$$libinit$$00000000) refers (Special) to libinit2.o(.ARM.Collect$$libinit$$0000000A) for __rt_lib_init_heap_1
    libinit.o(.ARM.Collect$$libinit$$00000000) refers (Special) to libinit2.o(.ARM.Collect$$libinit$$00000011) for __rt_lib_init_lc_collate_1
    libinit.o(.ARM.Collect$$libinit$$00000000) refers (Special) to libinit2.o(.ARM.Collect$$libinit$$00000013) for __rt_lib_init_lc_ctype_1
    libinit.o(.ARM.Collect$$libinit$$00000000) refers (Special) to libinit2.o(.ARM.Collect$$libinit$$00000015) for __rt_lib_init_lc_monetary_1
    libinit.o(.ARM.Collect$$libinit$$00000000) refers (Special) to libinit2.o(.ARM.Collect$$libinit$$00000017) for __rt_lib_init_lc_numeric_1
    libinit.o(.ARM.Collect$$libinit$$00000000) refers (Special) to libinit2.o(.ARM.Collect$$libinit$$00000019) for __rt_lib_init_lc_time_1
    libinit.o(.ARM.Collect$$libinit$$00000000) refers (Special) to libinit2.o(.ARM.Collect$$libinit$$00000004) for __rt_lib_init_preinit_1
    libinit.o(.ARM.Collect$$libinit$$00000000) refers (Special) to libinit2.o(.ARM.Collect$$libinit$$0000000E) for __rt_lib_init_rand_1
    libinit.o(.ARM.Collect$$libinit$$00000000) refers (Special) to libinit2.o(.ARM.Collect$$libinit$$00000033) for __rt_lib_init_return
    libinit.o(.ARM.Collect$$libinit$$00000000) refers (Special) to libinit2.o(.ARM.Collect$$libinit$$0000001D) for __rt_lib_init_signal_1
    libinit.o(.ARM.Collect$$libinit$$00000000) refers (Special) to libinit2.o(.ARM.Collect$$libinit$$00000025) for __rt_lib_init_stdio_1
    libinit.o(.ARM.Collect$$libinit$$00000000) refers (Special) to libinit2.o(.ARM.Collect$$libinit$$0000000C) for __rt_lib_init_user_alloc_1
    libspace.o(.text) refers to libspace.o(.bss) for __libspace_start
    rtexit.o(.ARM.Collect$$rtexit$$00000000) refers (Special) to rtexit2.o(.ARM.Collect$$rtexit$$00000004) for __rt_exit_exit
    rtexit.o(.ARM.Collect$$rtexit$$00000000) refers (Special) to rtexit2.o(.ARM.Collect$$rtexit$$00000003) for __rt_exit_ls
    rtexit.o(.ARM.Collect$$rtexit$$00000000) refers (Special) to rtexit2.o(.ARM.Collect$$rtexit$$00000002) for __rt_exit_prels_1
    rtexit.o(.ARM.exidx) refers (Special) to rtexit2.o(.ARM.Collect$$rtexit$$00000004) for __rt_exit_exit
    rtexit.o(.ARM.exidx) refers (Special) to rtexit2.o(.ARM.Collect$$rtexit$$00000003) for __rt_exit_ls
    rtexit.o(.ARM.exidx) refers (Special) to rtexit2.o(.ARM.Collect$$rtexit$$00000002) for __rt_exit_prels_1
    rtexit.o(.ARM.exidx) refers to rtexit.o(.ARM.Collect$$rtexit$$00000000) for .ARM.Collect$$rtexit$$00000000
    libinit2.o(.ARM.Collect$$libinit$$00000010) refers to libinit2.o(.ARM.Collect$$libinit$$0000000F) for .ARM.Collect$$libinit$$0000000F
    libinit2.o(.ARM.Collect$$libinit$$00000012) refers to libinit2.o(.ARM.Collect$$libinit$$0000000F) for .ARM.Collect$$libinit$$0000000F
    libinit2.o(.ARM.Collect$$libinit$$00000014) refers to libinit2.o(.ARM.Collect$$libinit$$0000000F) for .ARM.Collect$$libinit$$0000000F
    libinit2.o(.ARM.Collect$$libinit$$00000016) refers to libinit2.o(.ARM.Collect$$libinit$$0000000F) for .ARM.Collect$$libinit$$0000000F
    libinit2.o(.ARM.Collect$$libinit$$00000018) refers to libinit2.o(.ARM.Collect$$libinit$$0000000F) for .ARM.Collect$$libinit$$0000000F
    libinit2.o(.ARM.Collect$$libinit$$00000026) refers to argv_veneer.o(.emb_text) for __ARM_argv_veneer
    libinit2.o(.ARM.Collect$$libinit$$00000027) refers to argv_veneer.o(.emb_text) for __ARM_argv_veneer
    rtexit2.o(.ARM.Collect$$rtexit$$00000003) refers to libshutdown.o(.ARM.Collect$$libshutdown$$00000000) for __rt_lib_shutdown
    rtexit2.o(.ARM.Collect$$rtexit$$00000004) refers to sys_exit.o(.text) for _sys_exit
    rtexit2.o(.ARM.exidx) refers to rtexit2.o(.ARM.Collect$$rtexit$$00000001) for .ARM.Collect$$rtexit$$00000001
    rtexit2.o(.ARM.exidx) refers to rtexit2.o(.ARM.Collect$$rtexit$$00000003) for .ARM.Collect$$rtexit$$00000003
    rtexit2.o(.ARM.exidx) refers to rtexit2.o(.ARM.Collect$$rtexit$$00000004) for .ARM.Collect$$rtexit$$00000004
    argv_veneer.o(.emb_text) refers to no_argv.o(.text) for __ARM_get_argv
    sys_exit.o(.text) refers (Special) to use_no_semi.o(.text) for __I$use$semihosting
    sys_exit.o(.text) refers (Special) to indicate_semi.o(.text) for __semihosting_library_function
    _get_argv_nomalloc.o(.text) refers (Special) to hrguard.o(.text) for __heap_region$guard
    _get_argv_nomalloc.o(.text) refers to defsig_rtmem_outer.o(.text) for __rt_SIGRTMEM
    _get_argv_nomalloc.o(.text) refers to sys_command.o(.text) for _sys_command_string
    libshutdown.o(.ARM.Collect$$libshutdown$$00000000) refers (Special) to libshutdown2.o(.ARM.Collect$$libshutdown$$00000004) for __rt_lib_shutdown_cpp_1
    libshutdown.o(.ARM.Collect$$libshutdown$$00000000) refers (Special) to libshutdown2.o(.ARM.Collect$$libshutdown$$00000002) for __rt_lib_shutdown_fini_1
    libshutdown.o(.ARM.Collect$$libshutdown$$00000000) refers (Special) to libshutdown2.o(.ARM.Collect$$libshutdown$$00000009) for __rt_lib_shutdown_fp_trap_1
    libshutdown.o(.ARM.Collect$$libshutdown$$00000000) refers (Special) to libshutdown2.o(.ARM.Collect$$libshutdown$$00000011) for __rt_lib_shutdown_heap_1
    libshutdown.o(.ARM.Collect$$libshutdown$$00000000) refers (Special) to libshutdown2.o(.ARM.Collect$$libshutdown$$00000012) for __rt_lib_shutdown_return
    libshutdown.o(.ARM.Collect$$libshutdown$$00000000) refers (Special) to libshutdown2.o(.ARM.Collect$$libshutdown$$0000000C) for __rt_lib_shutdown_signal_1
    libshutdown.o(.ARM.Collect$$libshutdown$$00000000) refers (Special) to libshutdown2.o(.ARM.Collect$$libshutdown$$00000006) for __rt_lib_shutdown_stdio_1
    libshutdown.o(.ARM.Collect$$libshutdown$$00000000) refers (Special) to libshutdown2.o(.ARM.Collect$$libshutdown$$0000000E) for __rt_lib_shutdown_user_alloc_1
    sys_command.o(.text) refers (Special) to use_no_semi.o(.text) for __I$use$semihosting
    sys_command.o(.text) refers (Special) to indicate_semi.o(.text) for __semihosting_library_function
    defsig_rtmem_outer.o(.text) refers to defsig_rtmem_inner.o(.text) for __rt_SIGRTMEM_inner
    defsig_rtmem_outer.o(.text) refers to defsig_exit.o(.text) for __sig_exit
    defsig_rtmem_formal.o(.text) refers to rt_raise.o(.text) for __rt_raise
    rt_raise.o(.text) refers to __raise.o(.text) for __raise
    rt_raise.o(.text) refers to sys_exit.o(.text) for _sys_exit
    defsig_exit.o(.text) refers to sys_exit.o(.text) for _sys_exit
    defsig_rtmem_inner.o(.text) refers to defsig_general.o(.text) for __default_signal_display
    __raise.o(.text) refers to defsig.o(CL$$defsig) for __default_signal_handler
    defsig_general.o(.text) refers to sys_wrch.o(.text) for _ttywrch
    sys_wrch.o(.text) refers (Special) to use_no_semi.o(.text) for __I$use$semihosting
    sys_wrch.o(.text) refers (Special) to indicate_semi.o(.text) for __semihosting_library_function
    defsig.o(CL$$defsig) refers to defsig_rtmem_inner.o(.text) for __rt_SIGRTMEM_inner
    defsig_abrt_inner.o(.text) refers to defsig_general.o(.text) for __default_signal_display
    defsig_fpe_inner.o(.text) refers to defsig_general.o(.text) for __default_signal_display
    defsig_rtred_inner.o(.text) refers to defsig_general.o(.text) for __default_signal_display
    defsig_stak_inner.o(.text) refers to defsig_general.o(.text) for __default_signal_display
    defsig_pvfn_inner.o(.text) refers to defsig_general.o(.text) for __default_signal_display
    defsig_cppl_inner.o(.text) refers to defsig_general.o(.text) for __default_signal_display
    defsig_segv_inner.o(.text) refers to defsig_general.o(.text) for __default_signal_display
    defsig_other.o(.text) refers to defsig_general.o(.text) for __default_signal_display


==============================================================================

Removing Unused input sections from the image.

    Removing random.o(DATA), (4 bytes).
    Removing random.o(.text), (60 bytes).
    Removing spaceinvaders.o(i.DelayMs), (32 bytes).
    Removing spaceinvaders.o(i.SysTick_Stop), (10 bytes).
    Removing spaceinvaders.o(.bss), (80 bytes).
    Removing texas.o(i.PeriodicTask2_Stop), (36 bytes).
    Removing texas.o(i.TExaS_Stop), (8 bytes).
    Removing texas.o(i.UART0_InChar), (28 bytes).
    Removing texas.o(i.UART0_OutChar), (24 bytes).
    Removing texas.o(i.UART0_OutString), (22 bytes).
    Removing st7735.o(i.Output_Clear), (10 bytes).
    Removing st7735.o(i.Output_Color), (12 bytes).
    Removing st7735.o(i.Output_Init), (16 bytes).
    Removing st7735.o(i.Output_Off), (8 bytes).
    Removing st7735.o(i.Output_On), (8 bytes).
    Removing st7735.o(i.ST7735_Color565), (24 bytes).
    Removing st7735.o(i.ST7735_DrawChar), (272 bytes).
    Removing st7735.o(i.ST7735_DrawCircle), (172 bytes).
    Removing st7735.o(i.ST7735_DrawFastHLine), (124 bytes).
    Removing st7735.o(i.ST7735_DrawFastVLine), (124 bytes).
    Removing st7735.o(i.ST7735_DrawSmallCircle), (172 bytes).
    Removing st7735.o(i.ST7735_InitB), (40 bytes).
    Removing st7735.o(i.ST7735_InvertDisplay), (22 bytes).
    Removing st7735.o(i.ST7735_OutFix), (132 bytes).
    Removing st7735.o(i.ST7735_PlotBar), (88 bytes).
    Removing st7735.o(i.ST7735_PlotClear), (92 bytes).
    Removing st7735.o(i.ST7735_PlotLine), (264 bytes).
    Removing st7735.o(i.ST7735_PlotNext), (32 bytes).
    Removing st7735.o(i.ST7735_PlotNextErase), (64 bytes).
    Removing st7735.o(i.ST7735_PlotPoint), (152 bytes).
    Removing st7735.o(i.ST7735_PlotPoints), (172 bytes).
    Removing st7735.o(i.ST7735_PlotdBfs), (60 bytes).
    Removing st7735.o(i.ST7735_SetRotation), (212 bytes).
    Removing st7735.o(i.ST7735_SetTextColor), (12 bytes).
    Removing st7735.o(i.ST7735_SwapColor), (18 bytes).
    Removing st7735.o(i.deselect), (28 bytes).
    Removing st7735.o(i.ferror), (8 bytes).
    Removing st7735.o(i.fgetc), (6 bytes).
    Removing st7735.o(i.fputc), (16 bytes).
    Removing wave.o(i.Wave_Explosion), (20 bytes).
    Removing wave.o(i.Wave_Highpitch), (20 bytes).

41 unused section(s) (total 2704 bytes) removed from the image.

==============================================================================

Image Symbol Table

    Local Symbols

    Symbol Name                              Value     Ov Type        Size  Object(Section)

    RESET                                    0x00000000   Section      644  startup.o(RESET)
    ../clib/angel/boardlib.s                 0x00000000   Number         0  boardshut.o ABSOLUTE
    ../clib/angel/boardlib.s                 0x00000000   Number         0  boardinit3.o ABSOLUTE
    ../clib/angel/boardlib.s                 0x00000000   Number         0  boardinit1.o ABSOLUTE
    ../clib/angel/boardlib.s                 0x00000000   Number         0  boardinit2.o ABSOLUTE
    ../clib/angel/dczerorl2.s                0x00000000   Number         0  __dczerorl2.o ABSOLUTE
    ../clib/angel/handlers.s                 0x00000000   Number         0  __scatter_zi.o ABSOLUTE
    ../clib/angel/kernel.s                   0x00000000   Number         0  __rtentry2.o ABSOLUTE
    ../clib/angel/kernel.s                   0x00000000   Number         0  __rtentry.o ABSOLUTE
    ../clib/angel/kernel.s                   0x00000000   Number         0  __rtentry4.o ABSOLUTE
    ../clib/angel/kernel.s                   0x00000000   Number         0  rtexit.o ABSOLUTE
    ../clib/angel/kernel.s                   0x00000000   Number         0  rtexit2.o ABSOLUTE
    ../clib/angel/rt.s                       0x00000000   Number         0  rt_raise.o ABSOLUTE
    ../clib/angel/scatter.s                  0x00000000   Number         0  __scatter.o ABSOLUTE
    ../clib/angel/startup.s                  0x00000000   Number         0  __main.o ABSOLUTE
    ../clib/angel/sys.s                      0x00000000   Number         0  use_no_semi.o ABSOLUTE
    ../clib/angel/sys.s                      0x00000000   Number         0  libspace.o ABSOLUTE
    ../clib/angel/sys.s                      0x00000000   Number         0  indicate_semi.o ABSOLUTE
    ../clib/angel/sys.s                      0x00000000   Number         0  sys_stackheap_outer.o ABSOLUTE
    ../clib/angel/sysapp.c                   0x00000000   Number         0  sys_command.o ABSOLUTE
    ../clib/angel/sysapp.c                   0x00000000   Number         0  sys_wrch.o ABSOLUTE
    ../clib/angel/sysapp.c                   0x00000000   Number         0  sys_exit.o ABSOLUTE
    ../clib/armsys.c                         0x00000000   Number         0  _get_argv_nomalloc.o ABSOLUTE
    ../clib/armsys.c                         0x00000000   Number         0  no_argv.o ABSOLUTE
    ../clib/armsys.c                         0x00000000   Number         0  argv_veneer.o ABSOLUTE
    ../clib/armsys.c                         0x00000000   Number         0  argv_veneer.o ABSOLUTE
    ../clib/heapalloc.c                      0x00000000   Number         0  hrguard.o ABSOLUTE
    ../clib/heapaux.c                        0x00000000   Number         0  heapauxi.o ABSOLUTE
    ../clib/libinit.s                        0x00000000   Number         0  libshutdown.o ABSOLUTE
    ../clib/libinit.s                        0x00000000   Number         0  libinit2.o ABSOLUTE
    ../clib/libinit.s                        0x00000000   Number         0  libinit.o ABSOLUTE
    ../clib/libinit.s                        0x00000000   Number         0  libshutdown2.o ABSOLUTE
    ../clib/memcpset.s                       0x00000000   Number         0  rt_memcpy_w.o ABSOLUTE
    ../clib/signal.c                         0x00000000   Number         0  defsig_exit.o ABSOLUTE
    ../clib/signal.c                         0x00000000   Number         0  defsig_other.o ABSOLUTE
    ../clib/signal.c                         0x00000000   Number         0  defsig_segv_inner.o ABSOLUTE
    ../clib/signal.c                         0x00000000   Number         0  defsig_rtmem_outer.o ABSOLUTE
    ../clib/signal.c                         0x00000000   Number         0  defsig_pvfn_inner.o ABSOLUTE
    ../clib/signal.c                         0x00000000   Number         0  defsig_stak_inner.o ABSOLUTE
    ../clib/signal.c                         0x00000000   Number         0  defsig_rtred_inner.o ABSOLUTE
    ../clib/signal.c                         0x00000000   Number         0  defsig_fpe_inner.o ABSOLUTE
    ../clib/signal.c                         0x00000000   Number         0  __raise.o ABSOLUTE
    ../clib/signal.c                         0x00000000   Number         0  defsig_general.o ABSOLUTE
    ../clib/signal.c                         0x00000000   Number         0  defsig_rtmem_inner.o ABSOLUTE
    ../clib/signal.c                         0x00000000   Number         0  defsig_rtmem_formal.o ABSOLUTE
    ../clib/signal.c                         0x00000000   Number         0  defsig_abrt_inner.o ABSOLUTE
    ../clib/signal.c                         0x00000000   Number         0  defsig_cppl_inner.o ABSOLUTE
    ../clib/signal.s                         0x00000000   Number         0  defsig.o ABSOLUTE
    ../clib/stdlib.c                         0x00000000   Number         0  exit.o ABSOLUTE
    ../fplib/fpinit.s                        0x00000000   Number         0  fpinit.o ABSOLUTE
    ..\inc\ADC.c                             0x00000000   Number         0  adc.o ABSOLUTE
    ..\inc\BusyWait.s                        0x00000000   Number         0  busywait.o ABSOLUTE
    ..\inc\DAC.c                             0x00000000   Number         0  dac.o ABSOLUTE
    ..\inc\PLL.c                             0x00000000   Number         0  pll.o ABSOLUTE
    ..\inc\ST7735.c                          0x00000000   Number         0  st7735.o ABSOLUTE
    ..\inc\StringConversion.s                0x00000000   Number         0  stringconversion.o ABSOLUTE
    ..\inc\wave.c                            0x00000000   Number         0  wave.o ABSOLUTE
    SpaceInvaders.c                          0x00000000   Number         0  spaceinvaders.o ABSOLUTE
    TExaS.c                                  0x00000000   Number         0  texas.o ABSOLUTE
    Timer0.c                                 0x00000000   Number         0  timer0.o ABSOLUTE
    Timer1.c                                 0x00000000   Number         0  timer1.o ABSOLUTE
    dc.s                                     0x00000000   Number         0  dc.o ABSOLUTE
    random.s                                 0x00000000   Number         0  random.o ABSOLUTE
    startup.s                                0x00000000   Number         0  startup.o ABSOLUTE
    !!!main                                  0x00000284   Section        8  __main.o(!!!main)
    !!!scatter                               0x0000028c   Section       52  __scatter.o(!!!scatter)
    !!dczerorl2                              0x000002c0   Section       90  __dczerorl2.o(!!dczerorl2)
    !!handler_zi                             0x0000031c   Section       28  __scatter_zi.o(!!handler_zi)
    .ARM.Collect$$libinit$$00000000          0x00000338   Section        2  libinit.o(.ARM.Collect$$libinit$$00000000)
    .ARM.Collect$$libinit$$00000002          0x0000033a   Section        0  libinit2.o(.ARM.Collect$$libinit$$00000002)
    .ARM.Collect$$libinit$$00000004          0x0000033a   Section        0  libinit2.o(.ARM.Collect$$libinit$$00000004)
    .ARM.Collect$$libinit$$0000000A          0x0000033a   Section        0  libinit2.o(.ARM.Collect$$libinit$$0000000A)
    .ARM.Collect$$libinit$$0000000C          0x0000033a   Section        0  libinit2.o(.ARM.Collect$$libinit$$0000000C)
    .ARM.Collect$$libinit$$0000000E          0x0000033a   Section        0  libinit2.o(.ARM.Collect$$libinit$$0000000E)
    .ARM.Collect$$libinit$$00000011          0x0000033a   Section        0  libinit2.o(.ARM.Collect$$libinit$$00000011)
    .ARM.Collect$$libinit$$00000013          0x0000033a   Section        0  libinit2.o(.ARM.Collect$$libinit$$00000013)
    .ARM.Collect$$libinit$$00000015          0x0000033a   Section        0  libinit2.o(.ARM.Collect$$libinit$$00000015)
    .ARM.Collect$$libinit$$00000017          0x0000033a   Section        0  libinit2.o(.ARM.Collect$$libinit$$00000017)
    .ARM.Collect$$libinit$$00000019          0x0000033a   Section        0  libinit2.o(.ARM.Collect$$libinit$$00000019)
    .ARM.Collect$$libinit$$0000001B          0x0000033a   Section        0  libinit2.o(.ARM.Collect$$libinit$$0000001B)
    .ARM.Collect$$libinit$$0000001D          0x0000033a   Section        0  libinit2.o(.ARM.Collect$$libinit$$0000001D)
    .ARM.Collect$$libinit$$0000001F          0x0000033a   Section        0  libinit2.o(.ARM.Collect$$libinit$$0000001F)
    .ARM.Collect$$libinit$$00000021          0x0000033a   Section        0  libinit2.o(.ARM.Collect$$libinit$$00000021)
    .ARM.Collect$$libinit$$00000023          0x0000033a   Section        0  libinit2.o(.ARM.Collect$$libinit$$00000023)
    .ARM.Collect$$libinit$$00000025          0x0000033a   Section        0  libinit2.o(.ARM.Collect$$libinit$$00000025)
    .ARM.Collect$$libinit$$0000002C          0x0000033a   Section        0  libinit2.o(.ARM.Collect$$libinit$$0000002C)
    .ARM.Collect$$libinit$$0000002E          0x0000033a   Section        0  libinit2.o(.ARM.Collect$$libinit$$0000002E)
    .ARM.Collect$$libinit$$00000030          0x0000033a   Section        0  libinit2.o(.ARM.Collect$$libinit$$00000030)
    .ARM.Collect$$libinit$$00000032          0x0000033a   Section        0  libinit2.o(.ARM.Collect$$libinit$$00000032)
    .ARM.Collect$$libinit$$00000033          0x0000033a   Section        2  libinit2.o(.ARM.Collect$$libinit$$00000033)
    .ARM.Collect$$libshutdown$$00000000      0x0000033c   Section        2  libshutdown.o(.ARM.Collect$$libshutdown$$00000000)
    .ARM.Collect$$libshutdown$$00000002      0x0000033e   Section        0  libshutdown2.o(.ARM.Collect$$libshutdown$$00000002)
    .ARM.Collect$$libshutdown$$00000004      0x0000033e   Section        0  libshutdown2.o(.ARM.Collect$$libshutdown$$00000004)
    .ARM.Collect$$libshutdown$$00000006      0x0000033e   Section        0  libshutdown2.o(.ARM.Collect$$libshutdown$$00000006)
    .ARM.Collect$$libshutdown$$00000009      0x0000033e   Section        0  libshutdown2.o(.ARM.Collect$$libshutdown$$00000009)
    .ARM.Collect$$libshutdown$$0000000C      0x0000033e   Section        0  libshutdown2.o(.ARM.Collect$$libshutdown$$0000000C)
    .ARM.Collect$$libshutdown$$0000000E      0x0000033e   Section        0  libshutdown2.o(.ARM.Collect$$libshutdown$$0000000E)
    .ARM.Collect$$libshutdown$$00000011      0x0000033e   Section        0  libshutdown2.o(.ARM.Collect$$libshutdown$$00000011)
    .ARM.Collect$$libshutdown$$00000012      0x0000033e   Section        2  libshutdown2.o(.ARM.Collect$$libshutdown$$00000012)
    .ARM.Collect$$rtentry$$00000000          0x00000340   Section        0  __rtentry.o(.ARM.Collect$$rtentry$$00000000)
    .ARM.Collect$$rtentry$$00000002          0x00000340   Section        0  __rtentry2.o(.ARM.Collect$$rtentry$$00000002)
    .ARM.Collect$$rtentry$$00000004          0x00000340   Section        6  __rtentry4.o(.ARM.Collect$$rtentry$$00000004)
    .ARM.Collect$$rtentry$$00000009          0x00000346   Section        0  __rtentry2.o(.ARM.Collect$$rtentry$$00000009)
    .ARM.Collect$$rtentry$$0000000A          0x00000346   Section        4  __rtentry2.o(.ARM.Collect$$rtentry$$0000000A)
    .ARM.Collect$$rtentry$$0000000C          0x0000034a   Section        0  __rtentry2.o(.ARM.Collect$$rtentry$$0000000C)
    .ARM.Collect$$rtentry$$0000000D          0x0000034a   Section        8  __rtentry2.o(.ARM.Collect$$rtentry$$0000000D)
    .ARM.Collect$$rtexit$$00000000           0x00000352   Section        2  rtexit.o(.ARM.Collect$$rtexit$$00000000)
    .ARM.Collect$$rtexit$$00000002           0x00000354   Section        0  rtexit2.o(.ARM.Collect$$rtexit$$00000002)
    .ARM.Collect$$rtexit$$00000003           0x00000354   Section        4  rtexit2.o(.ARM.Collect$$rtexit$$00000003)
    .ARM.Collect$$rtexit$$00000004           0x00000358   Section        6  rtexit2.o(.ARM.Collect$$rtexit$$00000004)
    .text                                    0x00000360   Section       48  startup.o(.text)
    .text                                    0x00000390   Section       64  busywait.o(.text)
    .text                                    0x000003d0   Section      340  stringconversion.o(.text)
    .text                                    0x00000524   Section      100  rt_memcpy_w.o(.text)
    .text                                    0x00000588   Section        0  heapauxi.o(.text)
    .text                                    0x0000058e   Section       74  sys_stackheap_outer.o(.text)
    .text                                    0x000005d8   Section        0  exit.o(.text)
    .text                                    0x000005ec   Section        8  libspace.o(.text)
    .text                                    0x000005f4   Section        0  sys_exit.o(.text)
    .text                                    0x00000600   Section        2  use_no_semi.o(.text)
    .text                                    0x00000602   Section        0  indicate_semi.o(.text)
    i.ADC1_Init                              0x00000604   Section        0  texas.o(i.ADC1_Init)
    i.ADC_In                                 0x000006cc   Section        0  adc.o(i.ADC_In)
    i.ADC_Init                               0x000006f8   Section        0  adc.o(i.ADC_Init)
    i.Buttons_Init                           0x000007e4   Section        0  spaceinvaders.o(i.Buttons_Init)
    i.Check_Bottom                           0x0000081c   Section        0  spaceinvaders.o(i.Check_Bottom)
    i.Check_Collision                        0x00000844   Section        0  spaceinvaders.o(i.Check_Collision)
    i.Check_Deaths                           0x00000958   Section        0  spaceinvaders.o(i.Check_Deaths)
    i.Convert_Function                       0x00000980   Section        0  spaceinvaders.o(i.Convert_Function)
    i.DAC_Init                               0x00000994   Section        0  dac.o(i.DAC_Init)
    i.DAC_Out                                0x000009cc   Section        0  dac.o(i.DAC_Out)
    i.Delay100ms                             0x000009d8   Section        0  spaceinvaders.o(i.Delay100ms)
    i.Delay1ms                               0x000009fc   Section        0  st7735.o(i.Delay1ms)
    i.Game_Over                              0x00000a1c   Section        0  spaceinvaders.o(i.Game_Over)
    i.Instructions_English                   0x00000c6c   Section        0  spaceinvaders.o(i.Instructions_English)
    i.Instructions_Spanish                   0x00000d1c   Section        0  spaceinvaders.o(i.Instructions_Spanish)
    i.Language_Select_Page                   0x00000dec   Section        0  spaceinvaders.o(i.Language_Select_Page)
    i.LogicAnalyzerA                         0x00000ecc   Section        0  texas.o(i.LogicAnalyzerA)
    i.LogicAnalyzerB                         0x00000ee4   Section        0  texas.o(i.LogicAnalyzerB)
    i.LogicAnalyzerC                         0x00000efc   Section        0  texas.o(i.LogicAnalyzerC)
    i.LogicAnalyzerE                         0x00000f14   Section        0  texas.o(i.LogicAnalyzerE)
    i.LogicAnalyzerF                         0x00000f2c   Section        0  texas.o(i.LogicAnalyzerF)
    i.Mode_Choice_Page_English               0x00000f44   Section        0  spaceinvaders.o(i.Mode_Choice_Page_English)
    i.Mode_Choice_Page_Spanish               0x00000fa8   Section        0  spaceinvaders.o(i.Mode_Choice_Page_Spanish)
    i.Opening_Page_English                   0x0000101c   Section        0  spaceinvaders.o(i.Opening_Page_English)
    i.Opening_Page_Spanish                   0x000010dc   Section        0  spaceinvaders.o(i.Opening_Page_Spanish)
    i.PLL_Init                               0x000011b0   Section        0  pll.o(i.PLL_Init)
    i.Pause_Menu                             0x0000122c   Section        0  spaceinvaders.o(i.Pause_Menu)
    i.PeriodicTask2_Init                     0x000012dc   Section        0  texas.o(i.PeriodicTask2_Init)
    i.PortD_Init                             0x00001370   Section        0  spaceinvaders.o(i.PortD_Init)
    i.Reset_Function                         0x000013a8   Section        0  spaceinvaders.o(i.Reset_Function)
    i.ST7735_DrawBitmap                      0x0000153c   Section        0  st7735.o(i.ST7735_DrawBitmap)
    i.ST7735_DrawCharS                       0x0000165c   Section        0  st7735.o(i.ST7735_DrawCharS)
    i.ST7735_DrawPixel                       0x00001754   Section        0  st7735.o(i.ST7735_DrawPixel)
    i.ST7735_DrawString                      0x0000179c   Section        0  st7735.o(i.ST7735_DrawString)
    i.ST7735_FillRect                        0x000017f0   Section        0  st7735.o(i.ST7735_FillRect)
    i.ST7735_FillScreen                      0x0000189c   Section        0  st7735.o(i.ST7735_FillScreen)
    i.ST7735_InitR                           0x000018c0   Section        0  st7735.o(i.ST7735_InitR)
    i.ST7735_OutChar                         0x0000193c   Section        0  st7735.o(i.ST7735_OutChar)
    i.ST7735_OutString                       0x00001a10   Section        0  st7735.o(i.ST7735_OutString)
    i.ST7735_OutUDec                         0x00001a28   Section        0  st7735.o(i.ST7735_OutUDec)
    i.ST7735_SetCursor                       0x00001aac   Section        0  st7735.o(i.ST7735_SetCursor)
    i.Scope                                  0x00001acc   Section        0  texas.o(i.Scope)
    i.SysTick_Handler                        0x00001ae0   Section        0  spaceinvaders.o(i.SysTick_Handler)
    i.SysTick_Init                           0x00001b1c   Section        0  spaceinvaders.o(i.SysTick_Init)
    i.SysTick_Start                          0x00001b28   Section        0  spaceinvaders.o(i.SysTick_Start)
    i.TExaS_Init                             0x00001b3c   Section        0  texas.o(i.TExaS_Init)
    i.Timer0A_Handler                        0x00001c34   Section        0  spaceinvaders.o(i.Timer0A_Handler)
    i.Timer0_Init                            0x00001c50   Section        0  timer0.o(i.Timer0_Init)
    i.Timer1A_Handler                        0x00001cb0   Section        0  spaceinvaders.o(i.Timer1A_Handler)
    i.Timer1_Init                            0x00001d38   Section        0  timer1.o(i.Timer1_Init)
    i.Timer2A_Handler                        0x00001d98   Section        0  wave.o(i.Timer2A_Handler)
    i.Timer2A_Init                           0x00001dfc   Section        0  wave.o(i.Timer2A_Init)
    i.Timer2A_Start                          0x00001e50   Section        0  wave.o(i.Timer2A_Start)
    i.Timer3A_Handler                        0x00001e60   Section        0  spaceinvaders.o(i.Timer3A_Handler)
    i.Timer3A_Init                           0x00001eb4   Section        0  timer1.o(i.Timer3A_Init)
    i.Timer5A_Handler                        0x00001f10   Section        0  texas.o(i.Timer5A_Handler)
    i.UART0_Init                             0x00001f28   Section        0  texas.o(i.UART0_Init)
    i.Wave_Init                              0x00001fb0   Section        0  wave.o(i.Wave_Init)
    i.Wave_Killed                            0x00001fc8   Section        0  wave.o(i.Wave_Killed)
    i.Wave_Shoot                             0x00001fdc   Section        0  wave.o(i.Wave_Shoot)
    i.Wave_Start                             0x00001ff0   Section        0  wave.o(i.Wave_Start)
    i.Wave_Stop                              0x0000200c   Section        0  wave.o(i.Wave_Stop)
    i.commandList                            0x0000201c   Section        0  st7735.o(i.commandList)
    commandList                              0x0000201d   Thumb Code    86  st7735.o(i.commandList)
    i.commonInit                             0x00002074   Section        0  st7735.o(i.commonInit)
    commonInit                               0x00002075   Thumb Code   342  st7735.o(i.commonInit)
    i.main                                   0x000021fc   Section        0  spaceinvaders.o(i.main)
    i.pushColor                              0x00002690   Section        0  st7735.o(i.pushColor)
    pushColor                                0x00002691   Thumb Code    18  st7735.o(i.pushColor)
    i.setAddrWindow                          0x000026a4   Section        0  st7735.o(i.setAddrWindow)
    setAddrWindow                            0x000026a5   Thumb Code   106  st7735.o(i.setAddrWindow)
    i.writecommand                           0x00002718   Section        0  st7735.o(i.writecommand)
    i.writedata                              0x00002734   Section        0  st7735.o(i.writedata)
    .constdata                               0x00002750   Section    10120  spaceinvaders.o(.constdata)
    .constdata                               0x00004ed8   Section     2114  st7735.o(.constdata)
    Font                                     0x00004ed8   Data        1275  st7735.o(.constdata)
    Bcmd                                     0x000053d3   Data         103  st7735.o(.constdata)
    Rcmd1                                    0x0000543a   Data          59  st7735.o(.constdata)
    Rcmd2green                               0x00005475   Data          13  st7735.o(.constdata)
    Rcmd2red                                 0x00005482   Data          13  st7735.o(.constdata)
    Rcmd3                                    0x0000548f   Data          43  st7735.o(.constdata)
    .constdata                               0x0000571a   Section    15435  wave.o(.constdata)
    .data                                    0x20000000   Section     1704  spaceinvaders.o(.data)
    language_chooser                         0x20000004   Data           1  spaceinvaders.o(.data)
    .data                                    0x200006a8   Section        4  texas.o(.data)
    .data                                    0x200006ac   Section       44  st7735.o(.data)
    ColStart                                 0x200006b6   Data           1  st7735.o(.data)
    RowStart                                 0x200006b7   Data           1  st7735.o(.data)
    Rotation                                 0x200006b8   Data           1  st7735.o(.data)
    TabColor                                 0x200006b9   Data           1  st7735.o(.data)
    _width                                   0x200006ba   Data           2  st7735.o(.data)
    _height                                  0x200006bc   Data           2  st7735.o(.data)
    .data                                    0x200006d8   Section        8  wave.o(.data)
    .bss                                     0x200006e0   Section       12  st7735.o(.bss)
    .bss                                     0x200006ec   Section       96  libspace.o(.bss)
    HEAP                                     0x20000750   Section        0  startup.o(HEAP)
    STACK                                    0x20000750   Section     1024  startup.o(STACK)
    HeapMem                                  0x20000750   Data           0  startup.o(HEAP)
    StackMem                                 0x20000750   Data           0  startup.o(STACK)

    Global Symbols

    Symbol Name                              Value     Ov Type        Size  Object(Section)

    BuildAttributes$$THM_ISAv4$E$P$D$K$B$S$7EM$PE$A:L22UL41UL21$X:L11$S22US41US21$IEEE1$IW$USESV6$~STKCKD$USESV7$~SHL$OSPACE$ROPI$EBA8$UX$STANDARDLIB$REQ8$PRES8$EABIv2 0x00000000   Number         0  anon$$obj.o ABSOLUTE
    __ARM_use_no_argv                        0x00000000   Number         0  spaceinvaders.o ABSOLUTE
    __Vectors                                0x00000000   Data           0  startup.o(RESET)
    __ARM_exceptions_init                     - Undefined Weak Reference
    __alloca_initialize                       - Undefined Weak Reference
    __arm_fini_                               - Undefined Weak Reference
    __arm_preinit_                            - Undefined Weak Reference
    __cpp_initialize__aeabi_                  - Undefined Weak Reference
    __cxa_finalize                            - Undefined Weak Reference
    __rt_locale                               - Undefined Weak Reference
    __sigvec_lookup                           - Undefined Weak Reference
    _atexit_init                              - Undefined Weak Reference
    _call_atexit_fns                          - Undefined Weak Reference
    _clock_init                               - Undefined Weak Reference
    _fp_trap_init                             - Undefined Weak Reference
    _fp_trap_shutdown                         - Undefined Weak Reference
    _get_lc_collate                           - Undefined Weak Reference
    _get_lc_ctype                             - Undefined Weak Reference
    _get_lc_monetary                          - Undefined Weak Reference
    _get_lc_numeric                           - Undefined Weak Reference
    _get_lc_time                              - Undefined Weak Reference
    _getenv_init                              - Undefined Weak Reference
    _handle_redirection                       - Undefined Weak Reference
    _init_alloc                               - Undefined Weak Reference
    _init_user_alloc                          - Undefined Weak Reference
    _initio                                   - Undefined Weak Reference
    _rand_init                                - Undefined Weak Reference
    _signal_finish                            - Undefined Weak Reference
    _signal_init                              - Undefined Weak Reference
    _terminate_alloc                          - Undefined Weak Reference
    _terminate_user_alloc                     - Undefined Weak Reference
    _terminateio                              - Undefined Weak Reference
    Reset_Handler                            0x0000026d   Thumb Code     0  startup.o(RESET)
    NMI_Handler                              0x00000271   Thumb Code     2  startup.o(RESET)
    HardFault_Handler                        0x00000273   Thumb Code     2  startup.o(RESET)
    MemManage_Handler                        0x00000275   Thumb Code     2  startup.o(RESET)
    BusFault_Handler                         0x00000277   Thumb Code     2  startup.o(RESET)
    UsageFault_Handler                       0x00000279   Thumb Code     2  startup.o(RESET)
    SVC_Handler                              0x0000027b   Thumb Code     2  startup.o(RESET)
    DebugMon_Handler                         0x0000027d   Thumb Code     2  startup.o(RESET)
    PendSV_Handler                           0x0000027f   Thumb Code     2  startup.o(RESET)
    ADC0Seq0_Handler                         0x00000283   Thumb Code     0  startup.o(RESET)
    ADC0Seq1_Handler                         0x00000283   Thumb Code     0  startup.o(RESET)
    ADC0Seq2_Handler                         0x00000283   Thumb Code     0  startup.o(RESET)
    ADC0Seq3_Handler                         0x00000283   Thumb Code     0  startup.o(RESET)
    ADC1Seq0_Handler                         0x00000283   Thumb Code     0  startup.o(RESET)
    ADC1Seq1_Handler                         0x00000283   Thumb Code     0  startup.o(RESET)
    ADC1Seq2_Handler                         0x00000283   Thumb Code     0  startup.o(RESET)
    ADC1Seq3_Handler                         0x00000283   Thumb Code     0  startup.o(RESET)
    CAN0_Handler                             0x00000283   Thumb Code     0  startup.o(RESET)
    CAN1_Handler                             0x00000283   Thumb Code     0  startup.o(RESET)
    CAN2_Handler                             0x00000283   Thumb Code     0  startup.o(RESET)
    Comp0_Handler                            0x00000283   Thumb Code     0  startup.o(RESET)
    Comp1_Handler                            0x00000283   Thumb Code     0  startup.o(RESET)
    Comp2_Handler                            0x00000283   Thumb Code     0  startup.o(RESET)
    Ethernet_Handler                         0x00000283   Thumb Code     0  startup.o(RESET)
    ExtBus_Handler                           0x00000283   Thumb Code     0  startup.o(RESET)
    FPU_Handler                              0x00000283   Thumb Code     0  startup.o(RESET)
    Fan0_Handler                             0x00000283   Thumb Code     0  startup.o(RESET)
    FlashCtl_Handler                         0x00000283   Thumb Code     0  startup.o(RESET)
    GPIOPortA_Handler                        0x00000283   Thumb Code     0  startup.o(RESET)
    GPIOPortB_Handler                        0x00000283   Thumb Code     0  startup.o(RESET)
    GPIOPortC_Handler                        0x00000283   Thumb Code     0  startup.o(RESET)
    GPIOPortD_Handler                        0x00000283   Thumb Code     0  startup.o(RESET)
    GPIOPortE_Handler                        0x00000283   Thumb Code     0  startup.o(RESET)
    GPIOPortF_Handler                        0x00000283   Thumb Code     0  startup.o(RESET)
    GPIOPortG_Handler                        0x00000283   Thumb Code     0  startup.o(RESET)
    GPIOPortH_Handler                        0x00000283   Thumb Code     0  startup.o(RESET)
    GPIOPortJ_Handler                        0x00000283   Thumb Code     0  startup.o(RESET)
    GPIOPortK_Handler                        0x00000283   Thumb Code     0  startup.o(RESET)
    GPIOPortL_Handler                        0x00000283   Thumb Code     0  startup.o(RESET)
    GPIOPortM_Handler                        0x00000283   Thumb Code     0  startup.o(RESET)
    GPIOPortN_Handler                        0x00000283   Thumb Code     0  startup.o(RESET)
    GPIOPortP1_Handler                       0x00000283   Thumb Code     0  startup.o(RESET)
    GPIOPortP2_Handler                       0x00000283   Thumb Code     0  startup.o(RESET)
    GPIOPortP3_Handler                       0x00000283   Thumb Code     0  startup.o(RESET)
    GPIOPortP4_Handler                       0x00000283   Thumb Code     0  startup.o(RESET)
    GPIOPortP5_Handler                       0x00000283   Thumb Code     0  startup.o(RESET)
    GPIOPortP6_Handler                       0x00000283   Thumb Code     0  startup.o(RESET)
    GPIOPortP7_Handler                       0x00000283   Thumb Code     0  startup.o(RESET)
    GPIOPortP_Handler                        0x00000283   Thumb Code     0  startup.o(RESET)
    GPIOPortQ1_Handler                       0x00000283   Thumb Code     0  startup.o(RESET)
    GPIOPortQ2_Handler                       0x00000283   Thumb Code     0  startup.o(RESET)
    GPIOPortQ3_Handler                       0x00000283   Thumb Code     0  startup.o(RESET)
    GPIOPortQ4_Handler                       0x00000283   Thumb Code     0  startup.o(RESET)
    GPIOPortQ5_Handler                       0x00000283   Thumb Code     0  startup.o(RESET)
    GPIOPortQ6_Handler                       0x00000283   Thumb Code     0  startup.o(RESET)
    GPIOPortQ7_Handler                       0x00000283   Thumb Code     0  startup.o(RESET)
    GPIOPortQ_Handler                        0x00000283   Thumb Code     0  startup.o(RESET)
    GPIOPortR_Handler                        0x00000283   Thumb Code     0  startup.o(RESET)
    GPIOPortS_Handler                        0x00000283   Thumb Code     0  startup.o(RESET)
    Hibernate_Handler                        0x00000283   Thumb Code     0  startup.o(RESET)
    I2C0_Handler                             0x00000283   Thumb Code     0  startup.o(RESET)
    I2C1_Handler                             0x00000283   Thumb Code     0  startup.o(RESET)
    I2C2_Handler                             0x00000283   Thumb Code     0  startup.o(RESET)
    I2C3_Handler                             0x00000283   Thumb Code     0  startup.o(RESET)
    I2C4_Handler                             0x00000283   Thumb Code     0  startup.o(RESET)
    I2C5_Handler                             0x00000283   Thumb Code     0  startup.o(RESET)
    I2S0_Handler                             0x00000283   Thumb Code     0  startup.o(RESET)
    LPC0_Handler                             0x00000283   Thumb Code     0  startup.o(RESET)
    PECI0_Handler                            0x00000283   Thumb Code     0  startup.o(RESET)
    PWM0Fault_Handler                        0x00000283   Thumb Code     0  startup.o(RESET)
    PWM0Generator0_Handler                   0x00000283   Thumb Code     0  startup.o(RESET)
    PWM0Generator1_Handler                   0x00000283   Thumb Code     0  startup.o(RESET)
    PWM0Generator2_Handler                   0x00000283   Thumb Code     0  startup.o(RESET)
    PWM0Generator3_Handler                   0x00000283   Thumb Code     0  startup.o(RESET)
    PWM1Fault_Handler                        0x00000283   Thumb Code     0  startup.o(RESET)
    PWM1Generator0_Handler                   0x00000283   Thumb Code     0  startup.o(RESET)
    PWM1Generator1_Handler                   0x00000283   Thumb Code     0  startup.o(RESET)
    PWM1Generator2_Handler                   0x00000283   Thumb Code     0  startup.o(RESET)
    PWM1Generator3_Handler                   0x00000283   Thumb Code     0  startup.o(RESET)
    Quadrature0_Handler                      0x00000283   Thumb Code     0  startup.o(RESET)
    Quadrature1_Handler                      0x00000283   Thumb Code     0  startup.o(RESET)
    Quadrature2_Handler                      0x00000283   Thumb Code     0  startup.o(RESET)
    SSI0_Handler                             0x00000283   Thumb Code     0  startup.o(RESET)
    SSI1_Handler                             0x00000283   Thumb Code     0  startup.o(RESET)
    SSI2_Handler                             0x00000283   Thumb Code     0  startup.o(RESET)
    SSI3_Handler                             0x00000283   Thumb Code     0  startup.o(RESET)
    SysCtl_Handler                           0x00000283   Thumb Code     0  startup.o(RESET)
    Timer0B_Handler                          0x00000283   Thumb Code     0  startup.o(RESET)
    Timer1B_Handler                          0x00000283   Thumb Code     0  startup.o(RESET)
    Timer2B_Handler                          0x00000283   Thumb Code     0  startup.o(RESET)
    Timer3B_Handler                          0x00000283   Thumb Code     0  startup.o(RESET)
    Timer4A_Handler                          0x00000283   Thumb Code     0  startup.o(RESET)
    Timer4B_Handler                          0x00000283   Thumb Code     0  startup.o(RESET)
    Timer5B_Handler                          0x00000283   Thumb Code     0  startup.o(RESET)
    UART0_Handler                            0x00000283   Thumb Code     0  startup.o(RESET)
    UART1_Handler                            0x00000283   Thumb Code     0  startup.o(RESET)
    UART2_Handler                            0x00000283   Thumb Code     0  startup.o(RESET)
    UART3_Handler                            0x00000283   Thumb Code     0  startup.o(RESET)
    UART4_Handler                            0x00000283   Thumb Code     0  startup.o(RESET)
    UART5_Handler                            0x00000283   Thumb Code     0  startup.o(RESET)
    UART6_Handler                            0x00000283   Thumb Code     0  startup.o(RESET)
    UART7_Handler                            0x00000283   Thumb Code     0  startup.o(RESET)
    USB0_Handler                             0x00000283   Thumb Code     0  startup.o(RESET)
    WDT_Handler                              0x00000283   Thumb Code     0  startup.o(RESET)
    WideTimer0A_Handler                      0x00000283   Thumb Code     0  startup.o(RESET)
    WideTimer0B_Handler                      0x00000283   Thumb Code     0  startup.o(RESET)
    WideTimer1A_Handler                      0x00000283   Thumb Code     0  startup.o(RESET)
    WideTimer1B_Handler                      0x00000283   Thumb Code     0  startup.o(RESET)
    WideTimer2A_Handler                      0x00000283   Thumb Code     0  startup.o(RESET)
    WideTimer2B_Handler                      0x00000283   Thumb Code     0  startup.o(RESET)
    WideTimer3A_Handler                      0x00000283   Thumb Code     0  startup.o(RESET)
    WideTimer3B_Handler                      0x00000283   Thumb Code     0  startup.o(RESET)
    WideTimer4A_Handler                      0x00000283   Thumb Code     0  startup.o(RESET)
    WideTimer4B_Handler                      0x00000283   Thumb Code     0  startup.o(RESET)
    WideTimer5A_Handler                      0x00000283   Thumb Code     0  startup.o(RESET)
    WideTimer5B_Handler                      0x00000283   Thumb Code     0  startup.o(RESET)
    uDMA_Error                               0x00000283   Thumb Code     0  startup.o(RESET)
    uDMA_Handler                             0x00000283   Thumb Code     0  startup.o(RESET)
    __main                                   0x00000285   Thumb Code     8  __main.o(!!!main)
    __scatterload                            0x0000028d   Thumb Code     0  __scatter.o(!!!scatter)
    __scatterload_rt2                        0x0000028d   Thumb Code    44  __scatter.o(!!!scatter)
    __scatterload_rt2_thumb_only             0x0000028d   Thumb Code     0  __scatter.o(!!!scatter)
    __scatterload_null                       0x0000029b   Thumb Code     0  __scatter.o(!!!scatter)
    __decompress                             0x000002c1   Thumb Code    90  __dczerorl2.o(!!dczerorl2)
    __decompress1                            0x000002c1   Thumb Code     0  __dczerorl2.o(!!dczerorl2)
    __scatterload_zeroinit                   0x0000031d   Thumb Code    28  __scatter_zi.o(!!handler_zi)
    __rt_lib_init                            0x00000339   Thumb Code     0  libinit.o(.ARM.Collect$$libinit$$00000000)
    __rt_lib_init_alloca_1                   0x0000033b   Thumb Code     0  libinit2.o(.ARM.Collect$$libinit$$0000002E)
    __rt_lib_init_argv_1                     0x0000033b   Thumb Code     0  libinit2.o(.ARM.Collect$$libinit$$0000002C)
    __rt_lib_init_atexit_1                   0x0000033b   Thumb Code     0  libinit2.o(.ARM.Collect$$libinit$$0000001B)
    __rt_lib_init_clock_1                    0x0000033b   Thumb Code     0  libinit2.o(.ARM.Collect$$libinit$$00000021)
    __rt_lib_init_cpp_1                      0x0000033b   Thumb Code     0  libinit2.o(.ARM.Collect$$libinit$$00000032)
    __rt_lib_init_exceptions_1               0x0000033b   Thumb Code     0  libinit2.o(.ARM.Collect$$libinit$$00000030)
    __rt_lib_init_fp_1                       0x0000033b   Thumb Code     0  libinit2.o(.ARM.Collect$$libinit$$00000002)
    __rt_lib_init_fp_trap_1                  0x0000033b   Thumb Code     0  libinit2.o(.ARM.Collect$$libinit$$0000001F)
    __rt_lib_init_getenv_1                   0x0000033b   Thumb Code     0  libinit2.o(.ARM.Collect$$libinit$$00000023)
    __rt_lib_init_heap_1                     0x0000033b   Thumb Code     0  libinit2.o(.ARM.Collect$$libinit$$0000000A)
    __rt_lib_init_lc_collate_1               0x0000033b   Thumb Code     0  libinit2.o(.ARM.Collect$$libinit$$00000011)
    __rt_lib_init_lc_ctype_1                 0x0000033b   Thumb Code     0  libinit2.o(.ARM.Collect$$libinit$$00000013)
    __rt_lib_init_lc_monetary_1              0x0000033b   Thumb Code     0  libinit2.o(.ARM.Collect$$libinit$$00000015)
    __rt_lib_init_lc_numeric_1               0x0000033b   Thumb Code     0  libinit2.o(.ARM.Collect$$libinit$$00000017)
    __rt_lib_init_lc_time_1                  0x0000033b   Thumb Code     0  libinit2.o(.ARM.Collect$$libinit$$00000019)
    __rt_lib_init_preinit_1                  0x0000033b   Thumb Code     0  libinit2.o(.ARM.Collect$$libinit$$00000004)
    __rt_lib_init_rand_1                     0x0000033b   Thumb Code     0  libinit2.o(.ARM.Collect$$libinit$$0000000E)
    __rt_lib_init_return                     0x0000033b   Thumb Code     0  libinit2.o(.ARM.Collect$$libinit$$00000033)
    __rt_lib_init_signal_1                   0x0000033b   Thumb Code     0  libinit2.o(.ARM.Collect$$libinit$$0000001D)
    __rt_lib_init_stdio_1                    0x0000033b   Thumb Code     0  libinit2.o(.ARM.Collect$$libinit$$00000025)
    __rt_lib_init_user_alloc_1               0x0000033b   Thumb Code     0  libinit2.o(.ARM.Collect$$libinit$$0000000C)
    __rt_lib_shutdown                        0x0000033d   Thumb Code     0  libshutdown.o(.ARM.Collect$$libshutdown$$00000000)
    __rt_lib_shutdown_cpp_1                  0x0000033f   Thumb Code     0  libshutdown2.o(.ARM.Collect$$libshutdown$$00000004)
    __rt_lib_shutdown_fini_1                 0x0000033f   Thumb Code     0  libshutdown2.o(.ARM.Collect$$libshutdown$$00000002)
    __rt_lib_shutdown_fp_trap_1              0x0000033f   Thumb Code     0  libshutdown2.o(.ARM.Collect$$libshutdown$$00000009)
    __rt_lib_shutdown_heap_1                 0x0000033f   Thumb Code     0  libshutdown2.o(.ARM.Collect$$libshutdown$$00000011)
    __rt_lib_shutdown_return                 0x0000033f   Thumb Code     0  libshutdown2.o(.ARM.Collect$$libshutdown$$00000012)
    __rt_lib_shutdown_signal_1               0x0000033f   Thumb Code     0  libshutdown2.o(.ARM.Collect$$libshutdown$$0000000C)
    __rt_lib_shutdown_stdio_1                0x0000033f   Thumb Code     0  libshutdown2.o(.ARM.Collect$$libshutdown$$00000006)
    __rt_lib_shutdown_user_alloc_1           0x0000033f   Thumb Code     0  libshutdown2.o(.ARM.Collect$$libshutdown$$0000000E)
    __rt_entry                               0x00000341   Thumb Code     0  __rtentry.o(.ARM.Collect$$rtentry$$00000000)
    __rt_entry_presh_1                       0x00000341   Thumb Code     0  __rtentry2.o(.ARM.Collect$$rtentry$$00000002)
    __rt_entry_sh                            0x00000341   Thumb Code     0  __rtentry4.o(.ARM.Collect$$rtentry$$00000004)
    __rt_entry_li                            0x00000347   Thumb Code     0  __rtentry2.o(.ARM.Collect$$rtentry$$0000000A)
    __rt_entry_postsh_1                      0x00000347   Thumb Code     0  __rtentry2.o(.ARM.Collect$$rtentry$$00000009)
    __rt_entry_main                          0x0000034b   Thumb Code     0  __rtentry2.o(.ARM.Collect$$rtentry$$0000000D)
    __rt_entry_postli_1                      0x0000034b   Thumb Code     0  __rtentry2.o(.ARM.Collect$$rtentry$$0000000C)
    __rt_exit                                0x00000353   Thumb Code     0  rtexit.o(.ARM.Collect$$rtexit$$00000000)
    __rt_exit_ls                             0x00000355   Thumb Code     0  rtexit2.o(.ARM.Collect$$rtexit$$00000003)
    __rt_exit_prels_1                        0x00000355   Thumb Code     0  rtexit2.o(.ARM.Collect$$rtexit$$00000002)
    __rt_exit_exit                           0x00000359   Thumb Code     0  rtexit2.o(.ARM.Collect$$rtexit$$00000004)
    DisableInterrupts                        0x00000361   Thumb Code     0  startup.o(.text)
    EnableInterrupts                         0x00000365   Thumb Code     0  startup.o(.text)
    StartCritical                            0x00000369   Thumb Code     0  startup.o(.text)
    EndCritical                              0x00000371   Thumb Code     0  startup.o(.text)
    WaitForInterrupt                         0x00000377   Thumb Code     0  startup.o(.text)
    __user_initial_stackheap                 0x0000037b   Thumb Code     0  startup.o(.text)
    SPIOutCommand                            0x00000391   Thumb Code     0  busywait.o(.text)
    SPIOutData                               0x000003b5   Thumb Code     0  busywait.o(.text)
    Dec2String                               0x000003d1   Thumb Code     0  stringconversion.o(.text)
    Fix2String                               0x0000046b   Thumb Code     0  stringconversion.o(.text)
    __aeabi_memcpy4                          0x00000525   Thumb Code     0  rt_memcpy_w.o(.text)
    __aeabi_memcpy8                          0x00000525   Thumb Code     0  rt_memcpy_w.o(.text)
    __rt_memcpy_w                            0x00000525   Thumb Code   100  rt_memcpy_w.o(.text)
    _memcpy_lastbytes_aligned                0x0000056d   Thumb Code     0  rt_memcpy_w.o(.text)
    __use_two_region_memory                  0x00000589   Thumb Code     2  heapauxi.o(.text)
    __rt_heap_escrow$2region                 0x0000058b   Thumb Code     2  heapauxi.o(.text)
    __rt_heap_expand$2region                 0x0000058d   Thumb Code     2  heapauxi.o(.text)
    __user_setup_stackheap                   0x0000058f   Thumb Code    74  sys_stackheap_outer.o(.text)
    exit                                     0x000005d9   Thumb Code    18  exit.o(.text)
    __user_libspace                          0x000005ed   Thumb Code     8  libspace.o(.text)
    __user_perproc_libspace                  0x000005ed   Thumb Code     0  libspace.o(.text)
    __user_perthread_libspace                0x000005ed   Thumb Code     0  libspace.o(.text)
    _sys_exit                                0x000005f5   Thumb Code     8  sys_exit.o(.text)
    __I$use$semihosting                      0x00000601   Thumb Code     0  use_no_semi.o(.text)
    __use_no_semihosting_swi                 0x00000601   Thumb Code     2  use_no_semi.o(.text)
    __semihosting_library_function           0x00000603   Thumb Code     0  indicate_semi.o(.text)
    ADC1_Init                                0x00000605   Thumb Code   176  texas.o(i.ADC1_Init)
    ADC_In                                   0x000006cd   Thumb Code    38  adc.o(i.ADC_In)
    ADC_Init                                 0x000006f9   Thumb Code   210  adc.o(i.ADC_Init)
    Buttons_Init                             0x000007e5   Thumb Code    44  spaceinvaders.o(i.Buttons_Init)
    Check_Bottom                             0x0000081d   Thumb Code    34  spaceinvaders.o(i.Check_Bottom)
    Check_Collision                          0x00000845   Thumb Code   262  spaceinvaders.o(i.Check_Collision)
    Check_Deaths                             0x00000959   Thumb Code    34  spaceinvaders.o(i.Check_Deaths)
    Convert_Function                         0x00000981   Thumb Code    18  spaceinvaders.o(i.Convert_Function)
    DAC_Init                                 0x00000995   Thumb Code    44  dac.o(i.DAC_Init)
    DAC_Out                                  0x000009cd   Thumb Code     6  dac.o(i.DAC_Out)
    Delay100ms                               0x000009d9   Thumb Code    30  spaceinvaders.o(i.Delay100ms)
    Delay1ms                                 0x000009fd   Thumb Code    32  st7735.o(i.Delay1ms)
    Game_Over                                0x00000a1d   Thumb Code   272  spaceinvaders.o(i.Game_Over)
    Instructions_English                     0x00000c6d   Thumb Code    48  spaceinvaders.o(i.Instructions_English)
    Instructions_Spanish                     0x00000d1d   Thumb Code    48  spaceinvaders.o(i.Instructions_Spanish)
    Language_Select_Page                     0x00000ded   Thumb Code    66  spaceinvaders.o(i.Language_Select_Page)
    LogicAnalyzerA                           0x00000ecd   Thumb Code    16  texas.o(i.LogicAnalyzerA)
    LogicAnalyzerB                           0x00000ee5   Thumb Code    14  texas.o(i.LogicAnalyzerB)
    LogicAnalyzerC                           0x00000efd   Thumb Code    16  texas.o(i.LogicAnalyzerC)
    LogicAnalyzerE                           0x00000f15   Thumb Code    14  texas.o(i.LogicAnalyzerE)
    LogicAnalyzerF                           0x00000f2d   Thumb Code    14  texas.o(i.LogicAnalyzerF)
    Mode_Choice_Page_English                 0x00000f45   Thumb Code    42  spaceinvaders.o(i.Mode_Choice_Page_English)
    Mode_Choice_Page_Spanish                 0x00000fa9   Thumb Code    42  spaceinvaders.o(i.Mode_Choice_Page_Spanish)
    Opening_Page_English                     0x0000101d   Thumb Code    94  spaceinvaders.o(i.Opening_Page_English)
    Opening_Page_Spanish                     0x000010dd   Thumb Code    94  spaceinvaders.o(i.Opening_Page_Spanish)
    PLL_Init                                 0x000011b1   Thumb Code   120  pll.o(i.PLL_Init)
    Pause_Menu                               0x0000122d   Thumb Code    58  spaceinvaders.o(i.Pause_Menu)
    PeriodicTask2_Init                       0x000012dd   Thumb Code   128  texas.o(i.PeriodicTask2_Init)
    PortD_Init                               0x00001371   Thumb Code    44  spaceinvaders.o(i.PortD_Init)
    Reset_Function                           0x000013a9   Thumb Code   370  spaceinvaders.o(i.Reset_Function)
    ST7735_DrawBitmap                        0x0000153d   Thumb Code   280  st7735.o(i.ST7735_DrawBitmap)
    ST7735_DrawCharS                         0x0000165d   Thumb Code   236  st7735.o(i.ST7735_DrawCharS)
    ST7735_DrawPixel                         0x00001755   Thumb Code    64  st7735.o(i.ST7735_DrawPixel)
    ST7735_DrawString                        0x0000179d   Thumb Code    84  st7735.o(i.ST7735_DrawString)
    ST7735_FillRect                          0x000017f1   Thumb Code   164  st7735.o(i.ST7735_FillRect)
    ST7735_FillScreen                        0x0000189d   Thumb Code    28  st7735.o(i.ST7735_FillScreen)
    ST7735_InitR                             0x000018c1   Thumb Code    90  st7735.o(i.ST7735_InitR)
    ST7735_OutChar                           0x0000193d   Thumb Code   176  st7735.o(i.ST7735_OutChar)
    ST7735_OutString                         0x00001a11   Thumb Code    22  st7735.o(i.ST7735_OutString)
    ST7735_OutUDec                           0x00001a29   Thumb Code   116  st7735.o(i.ST7735_OutUDec)
    ST7735_SetCursor                         0x00001aad   Thumb Code    22  st7735.o(i.ST7735_SetCursor)
    Scope                                    0x00001acd   Thumb Code    12  texas.o(i.Scope)
    SysTick_Handler                          0x00001ae1   Thumb Code    56  spaceinvaders.o(i.SysTick_Handler)
    SysTick_Init                             0x00001b1d   Thumb Code    12  spaceinvaders.o(i.SysTick_Init)
    SysTick_Start                            0x00001b29   Thumb Code    20  spaceinvaders.o(i.SysTick_Start)
    TExaS_Init                               0x00001b3d   Thumb Code   214  texas.o(i.TExaS_Init)
    Timer0A_Handler                          0x00001c35   Thumb Code    18  spaceinvaders.o(i.Timer0A_Handler)
    Timer0_Init                              0x00001c51   Thumb Code    78  timer0.o(i.Timer0_Init)
    Timer1A_Handler                          0x00001cb1   Thumb Code   116  spaceinvaders.o(i.Timer1A_Handler)
    Timer1_Init                              0x00001d39   Thumb Code    78  timer1.o(i.Timer1_Init)
    Timer2A_Handler                          0x00001d99   Thumb Code    80  wave.o(i.Timer2A_Handler)
    Timer2A_Init                             0x00001dfd   Thumb Code    70  wave.o(i.Timer2A_Init)
    Timer2A_Start                            0x00001e51   Thumb Code    10  wave.o(i.Timer2A_Start)
    Timer3A_Handler                          0x00001e61   Thumb Code    62  spaceinvaders.o(i.Timer3A_Handler)
    Timer3A_Init                             0x00001eb5   Thumb Code    76  timer1.o(i.Timer3A_Init)
    Timer5A_Handler                          0x00001f11   Thumb Code    16  texas.o(i.Timer5A_Handler)
    UART0_Init                               0x00001f29   Thumb Code   118  texas.o(i.UART0_Init)
    Wave_Init                                0x00001fb1   Thumb Code    22  wave.o(i.Wave_Init)
    Wave_Killed                              0x00001fc9   Thumb Code    14  wave.o(i.Wave_Killed)
    Wave_Shoot                               0x00001fdd   Thumb Code    14  wave.o(i.Wave_Shoot)
    Wave_Start                               0x00001ff1   Thumb Code    20  wave.o(i.Wave_Start)
    Wave_Stop                                0x0000200d   Thumb Code    10  wave.o(i.Wave_Stop)
    main                                     0x000021fd   Thumb Code  1154  spaceinvaders.o(i.main)
    writecommand                             0x00002719   Thumb Code    18  st7735.o(i.writecommand)
    writedata                                0x00002735   Thumb Code    18  st7735.o(i.writedata)
    SmallEnemy10pointA                       0x00002750   Data         320  spaceinvaders.o(.constdata)
    SmallEnemy10pointB                       0x00002890   Data         320  spaceinvaders.o(.constdata)
    SmallEnemy20pointA                       0x000029d0   Data         320  spaceinvaders.o(.constdata)
    SmallEnemy20pointB                       0x00002b10   Data         320  spaceinvaders.o(.constdata)
    SmallEnemy30pointA                       0x00002c50   Data         320  spaceinvaders.o(.constdata)
    SmallEnemy30pointB                       0x00002d90   Data         320  spaceinvaders.o(.constdata)
    PlayerShip0                              0x00002ed0   Data         288  spaceinvaders.o(.constdata)
    PlayerShip1                              0x00002ff0   Data         288  spaceinvaders.o(.constdata)
    PlayerShip2                              0x00003110   Data         288  spaceinvaders.o(.constdata)
    PlayerShip3                              0x00003230   Data         288  spaceinvaders.o(.constdata)
    Bunker0                                  0x00003350   Data         180  spaceinvaders.o(.constdata)
    bullet                                   0x00003404   Data         200  spaceinvaders.o(.constdata)
    Black_Reset_Screen_Horizontal            0x000034cc   Data        2560  spaceinvaders.o(.constdata)
    Black_Reset_Screen_Vertical              0x00003ecc   Data        3000  spaceinvaders.o(.constdata)
    Black_Reset_Screen_Bullet                0x00004a84   Data         200  spaceinvaders.o(.constdata)
    Black_Reset_Screen_Ship                  0x00004b4c   Data         320  spaceinvaders.o(.constdata)
    ufo_meme                                 0x00004c8c   Data         300  spaceinvaders.o(.constdata)
    Black_Reset_Screen_Enemy                 0x00004db8   Data         288  spaceinvaders.o(.constdata)
    smallCircle                              0x000054ba   Data          36  st7735.o(.constdata)
    circle                                   0x000054de   Data          60  st7735.o(.constdata)
    dBfs                                     0x0000551a   Data         512  st7735.o(.constdata)
    shoot                                    0x0000571a   Data        4080  wave.o(.constdata)
    invaderkilled                            0x0000670a   Data        3377  wave.o(.constdata)
    explosion                                0x0000743b   Data        2000  wave.o(.constdata)
    fastinvader1                             0x00007c0b   Data         982  wave.o(.constdata)
    fastinvader2                             0x00007fe1   Data        1042  wave.o(.constdata)
    fastinvader3                             0x000083f3   Data        1054  wave.o(.constdata)
    fastinvader4                             0x00008811   Data        1098  wave.o(.constdata)
    highpitch                                0x00008c5b   Data        1802  wave.o(.constdata)
    Region$$Table$$Base                      0x00009368   Number         0  anon$$obj.o(Region$$Table)
    Region$$Table$$Limit                     0x00009388   Number         0  anon$$obj.o(Region$$Table)
    Function                                 0x20000000   Data           4  spaceinvaders.o(.data)
    ADCMail                                  0x20000008   Data           4  spaceinvaders.o(.data)
    local_x                                  0x2000000c   Data           4  spaceinvaders.o(.data)
    local_y                                  0x20000010   Data           4  spaceinvaders.o(.data)
    i                                        0x20000014   Data           4  spaceinvaders.o(.data)
    k                                        0x20000018   Data           4  spaceinvaders.o(.data)
    h                                        0x2000001c   Data           4  spaceinvaders.o(.data)
    Button_Press_Checker                     0x20000020   Data           4  spaceinvaders.o(.data)
    Score                                    0x20000024   Data           4  spaceinvaders.o(.data)
    Screen_Clear                             0x20000028   Data           4  spaceinvaders.o(.data)
    deaths                                   0x2000002c   Data           4  spaceinvaders.o(.data)
    bottom                                   0x20000030   Data           4  spaceinvaders.o(.data)
    dy                                       0x20000034   Data           4  spaceinvaders.o(.data)
    Mode                                     0x20000038   Data           1  spaceinvaders.o(.data)
    Enemies                                  0x2000003c   Data         432  spaceinvaders.o(.data)
    Enemies_Saver                            0x200001ec   Data         432  spaceinvaders.o(.data)
    Player                                   0x2000039c   Data          24  spaceinvaders.o(.data)
    Bullet                                   0x200003b4   Data         720  spaceinvaders.o(.data)
    Bullet_Saver                             0x20000684   Data          24  spaceinvaders.o(.data)
    past                                     0x2000069c   Data           2  spaceinvaders.o(.data)
    now                                      0x2000069e   Data           2  spaceinvaders.o(.data)
    pressed                                  0x200006a0   Data           2  spaceinvaders.o(.data)
    flag                                     0x200006a4   Data           4  spaceinvaders.o(.data)
    PeriodicTask2                            0x200006a8   Data           4  texas.o(.data)
    StX                                      0x200006ac   Data           4  st7735.o(.data)
    StY                                      0x200006b0   Data           4  st7735.o(.data)
    StTextColor                              0x200006b4   Data           2  st7735.o(.data)
    Messageindex                             0x200006c0   Data           4  st7735.o(.data)
    Ymax                                     0x200006c4   Data           4  st7735.o(.data)
    Ymin                                     0x200006c8   Data           4  st7735.o(.data)
    X                                        0x200006cc   Data           4  st7735.o(.data)
    Yrange                                   0x200006d0   Data           4  st7735.o(.data)
    lastj                                    0x200006d4   Data           4  st7735.o(.data)
    current                                  0x200006d8   Data           4  wave.o(.data)
    length                                   0x200006dc   Data           2  wave.o(.data)
    index                                    0x200006de   Data           2  wave.o(.data)
    Message                                  0x200006e0   Data          12  st7735.o(.bss)
    __libspace_start                         0x200006ec   Data          96  libspace.o(.bss)
    __temporary_stack_top$libspace           0x2000074c   Data           0  libspace.o(.bss)



==============================================================================

Memory Map of the image

  Image Entry point : 0x0000026d

  Load Region LR_1 (Base: 0x00000000, Size: 0x00009a68, Max: 0xffffffff, ABSOLUTE, COMPRESSED[0x00009470])

    Execution Region ER_RO (Exec base: 0x00000000, Load base: 0x00000000, Size: 0x00009388, Max: 0xffffffff, ABSOLUTE)

    Exec Addr    Load Addr    Size         Type   Attr      Idx    E Section Name        Object

    0x00000000   0x00000000   0x00000284   Code   RO            3  * RESET               startup.o
    0x00000284   0x00000284   0x00000008   Code   RO          795  * !!!main             c_w.l(__main.o)
    0x0000028c   0x0000028c   0x00000034   Code   RO          956    !!!scatter          c_w.l(__scatter.o)
    0x000002c0   0x000002c0   0x0000005a   Code   RO          954    !!dczerorl2         c_w.l(__dczerorl2.o)
    0x0000031a   0x0000031a   0x00000002   PAD
    0x0000031c   0x0000031c   0x0000001c   Code   RO          958    !!handler_zi        c_w.l(__scatter_zi.o)
    0x00000338   0x00000338   0x00000002   Code   RO          822    .ARM.Collect$$libinit$$00000000  c_w.l(libinit.o)
    0x0000033a   0x0000033a   0x00000000   Code   RO          829    .ARM.Collect$$libinit$$00000002  c_w.l(libinit2.o)
    0x0000033a   0x0000033a   0x00000000   Code   RO          831    .ARM.Collect$$libinit$$00000004  c_w.l(libinit2.o)
    0x0000033a   0x0000033a   0x00000000   Code   RO          834    .ARM.Collect$$libinit$$0000000A  c_w.l(libinit2.o)
    0x0000033a   0x0000033a   0x00000000   Code   RO          836    .ARM.Collect$$libinit$$0000000C  c_w.l(libinit2.o)
    0x0000033a   0x0000033a   0x00000000   Code   RO          838    .ARM.Collect$$libinit$$0000000E  c_w.l(libinit2.o)
    0x0000033a   0x0000033a   0x00000000   Code   RO          841    .ARM.Collect$$libinit$$00000011  c_w.l(libinit2.o)
    0x0000033a   0x0000033a   0x00000000   Code   RO          843    .ARM.Collect$$libinit$$00000013  c_w.l(libinit2.o)
    0x0000033a   0x0000033a   0x00000000   Code   RO          845    .ARM.Collect$$libinit$$00000015  c_w.l(libinit2.o)
    0x0000033a   0x0000033a   0x00000000   Code   RO          847    .ARM.Collect$$libinit$$00000017  c_w.l(libinit2.o)
    0x0000033a   0x0000033a   0x00000000   Code   RO          849    .ARM.Collect$$libinit$$00000019  c_w.l(libinit2.o)
    0x0000033a   0x0000033a   0x00000000   Code   RO          851    .ARM.Collect$$libinit$$0000001B  c_w.l(libinit2.o)
    0x0000033a   0x0000033a   0x00000000   Code   RO          853    .ARM.Collect$$libinit$$0000001D  c_w.l(libinit2.o)
    0x0000033a   0x0000033a   0x00000000   Code   RO          855    .ARM.Collect$$libinit$$0000001F  c_w.l(libinit2.o)
    0x0000033a   0x0000033a   0x00000000   Code   RO          857    .ARM.Collect$$libinit$$00000021  c_w.l(libinit2.o)
    0x0000033a   0x0000033a   0x00000000   Code   RO          859    .ARM.Collect$$libinit$$00000023  c_w.l(libinit2.o)
    0x0000033a   0x0000033a   0x00000000   Code   RO          861    .ARM.Collect$$libinit$$00000025  c_w.l(libinit2.o)
    0x0000033a   0x0000033a   0x00000000   Code   RO          865    .ARM.Collect$$libinit$$0000002C  c_w.l(libinit2.o)
    0x0000033a   0x0000033a   0x00000000   Code   RO          867    .ARM.Collect$$libinit$$0000002E  c_w.l(libinit2.o)
    0x0000033a   0x0000033a   0x00000000   Code   RO          869    .ARM.Collect$$libinit$$00000030  c_w.l(libinit2.o)
    0x0000033a   0x0000033a   0x00000000   Code   RO          871    .ARM.Collect$$libinit$$00000032  c_w.l(libinit2.o)
    0x0000033a   0x0000033a   0x00000002   Code   RO          872    .ARM.Collect$$libinit$$00000033  c_w.l(libinit2.o)
    0x0000033c   0x0000033c   0x00000002   Code   RO          892    .ARM.Collect$$libshutdown$$00000000  c_w.l(libshutdown.o)
    0x0000033e   0x0000033e   0x00000000   Code   RO          905    .ARM.Collect$$libshutdown$$00000002  c_w.l(libshutdown2.o)
    0x0000033e   0x0000033e   0x00000000   Code   RO          907    .ARM.Collect$$libshutdown$$00000004  c_w.l(libshutdown2.o)
    0x0000033e   0x0000033e   0x00000000   Code   RO          909    .ARM.Collect$$libshutdown$$00000006  c_w.l(libshutdown2.o)
    0x0000033e   0x0000033e   0x00000000   Code   RO          912    .ARM.Collect$$libshutdown$$00000009  c_w.l(libshutdown2.o)
    0x0000033e   0x0000033e   0x00000000   Code   RO          915    .ARM.Collect$$libshutdown$$0000000C  c_w.l(libshutdown2.o)
    0x0000033e   0x0000033e   0x00000000   Code   RO          917    .ARM.Collect$$libshutdown$$0000000E  c_w.l(libshutdown2.o)
    0x0000033e   0x0000033e   0x00000000   Code   RO          920    .ARM.Collect$$libshutdown$$00000011  c_w.l(libshutdown2.o)
    0x0000033e   0x0000033e   0x00000002   Code   RO          921    .ARM.Collect$$libshutdown$$00000012  c_w.l(libshutdown2.o)
    0x00000340   0x00000340   0x00000000   Code   RO          797    .ARM.Collect$$rtentry$$00000000  c_w.l(__rtentry.o)
    0x00000340   0x00000340   0x00000000   Code   RO          799    .ARM.Collect$$rtentry$$00000002  c_w.l(__rtentry2.o)
    0x00000340   0x00000340   0x00000006   Code   RO          811    .ARM.Collect$$rtentry$$00000004  c_w.l(__rtentry4.o)
    0x00000346   0x00000346   0x00000000   Code   RO          801    .ARM.Collect$$rtentry$$00000009  c_w.l(__rtentry2.o)
    0x00000346   0x00000346   0x00000004   Code   RO          802    .ARM.Collect$$rtentry$$0000000A  c_w.l(__rtentry2.o)
    0x0000034a   0x0000034a   0x00000000   Code   RO          804    .ARM.Collect$$rtentry$$0000000C  c_w.l(__rtentry2.o)
    0x0000034a   0x0000034a   0x00000008   Code   RO          805    .ARM.Collect$$rtentry$$0000000D  c_w.l(__rtentry2.o)
    0x00000352   0x00000352   0x00000002   Code   RO          826    .ARM.Collect$$rtexit$$00000000  c_w.l(rtexit.o)
    0x00000354   0x00000354   0x00000000   Code   RO          874    .ARM.Collect$$rtexit$$00000002  c_w.l(rtexit2.o)
    0x00000354   0x00000354   0x00000004   Code   RO          875    .ARM.Collect$$rtexit$$00000003  c_w.l(rtexit2.o)
    0x00000358   0x00000358   0x00000006   Code   RO          876    .ARM.Collect$$rtexit$$00000004  c_w.l(rtexit2.o)
    0x0000035e   0x0000035e   0x00000002   PAD
    0x00000360   0x00000360   0x00000030   Code   RO            4    .text               startup.o
    0x00000390   0x00000390   0x00000040   Code   RO          706    .text               busywait.o
    0x000003d0   0x000003d0   0x00000154   Code   RO          709    .text               stringconversion.o
    0x00000524   0x00000524   0x00000064   Code   RO          791    .text               c_w.l(rt_memcpy_w.o)
    0x00000588   0x00000588   0x00000006   Code   RO          793    .text               c_w.l(heapauxi.o)
    0x0000058e   0x0000058e   0x0000004a   Code   RO          813    .text               c_w.l(sys_stackheap_outer.o)
    0x000005d8   0x000005d8   0x00000012   Code   RO          815    .text               c_w.l(exit.o)
    0x000005ea   0x000005ea   0x00000002   PAD
    0x000005ec   0x000005ec   0x00000008   Code   RO          823    .text               c_w.l(libspace.o)
    0x000005f4   0x000005f4   0x0000000c   Code   RO          884    .text               c_w.l(sys_exit.o)
    0x00000600   0x00000600   0x00000002   Code   RO          895    .text               c_w.l(use_no_semi.o)
    0x00000602   0x00000602   0x00000000   Code   RO          897    .text               c_w.l(indicate_semi.o)
    0x00000602   0x00000602   0x00000002   PAD
    0x00000604   0x00000604   0x000000c8   Code   RO          246    i.ADC1_Init         texas.o
    0x000006cc   0x000006cc   0x0000002c   Code   RO          354    i.ADC_In            adc.o
    0x000006f8   0x000006f8   0x000000ec   Code   RO          355    i.ADC_Init          adc.o
    0x000007e4   0x000007e4   0x00000038   Code   RO           53    i.Buttons_Init      spaceinvaders.o
    0x0000081c   0x0000081c   0x00000028   Code   RO           54    i.Check_Bottom      spaceinvaders.o
    0x00000844   0x00000844   0x00000114   Code   RO           55    i.Check_Collision   spaceinvaders.o
    0x00000958   0x00000958   0x00000028   Code   RO           56    i.Check_Deaths      spaceinvaders.o
    0x00000980   0x00000980   0x00000012   Code   RO           57    i.Convert_Function  spaceinvaders.o
    0x00000992   0x00000992   0x00000002   PAD
    0x00000994   0x00000994   0x00000038   Code   RO          375    i.DAC_Init          dac.o
    0x000009cc   0x000009cc   0x0000000c   Code   RO          376    i.DAC_Out           dac.o
    0x000009d8   0x000009d8   0x00000024   Code   RO           58    i.Delay100ms        spaceinvaders.o
    0x000009fc   0x000009fc   0x00000020   Code   RO          408    i.Delay1ms          st7735.o
    0x00000a1c   0x00000a1c   0x00000250   Code   RO           60    i.Game_Over         spaceinvaders.o
    0x00000c6c   0x00000c6c   0x000000b0   Code   RO           61    i.Instructions_English  spaceinvaders.o
    0x00000d1c   0x00000d1c   0x000000d0   Code   RO           62    i.Instructions_Spanish  spaceinvaders.o
    0x00000dec   0x00000dec   0x000000e0   Code   RO           63    i.Language_Select_Page  spaceinvaders.o
    0x00000ecc   0x00000ecc   0x00000018   Code   RO          247    i.LogicAnalyzerA    texas.o
    0x00000ee4   0x00000ee4   0x00000018   Code   RO          248    i.LogicAnalyzerB    texas.o
    0x00000efc   0x00000efc   0x00000018   Code   RO          249    i.LogicAnalyzerC    texas.o
    0x00000f14   0x00000f14   0x00000018   Code   RO          250    i.LogicAnalyzerE    texas.o
    0x00000f2c   0x00000f2c   0x00000018   Code   RO          251    i.LogicAnalyzerF    texas.o
    0x00000f44   0x00000f44   0x00000064   Code   RO           64    i.Mode_Choice_Page_English  spaceinvaders.o
    0x00000fa8   0x00000fa8   0x00000074   Code   RO           65    i.Mode_Choice_Page_Spanish  spaceinvaders.o
    0x0000101c   0x0000101c   0x000000c0   Code   RO           66    i.Opening_Page_English  spaceinvaders.o
    0x000010dc   0x000010dc   0x000000d4   Code   RO           67    i.Opening_Page_Spanish  spaceinvaders.o
    0x000011b0   0x000011b0   0x0000007c   Code   RO          393    i.PLL_Init          pll.o
    0x0000122c   0x0000122c   0x000000b0   Code   RO           68    i.Pause_Menu        spaceinvaders.o
    0x000012dc   0x000012dc   0x00000094   Code   RO          252    i.PeriodicTask2_Init  texas.o
    0x00001370   0x00001370   0x00000038   Code   RO           69    i.PortD_Init        spaceinvaders.o
    0x000013a8   0x000013a8   0x00000194   Code   RO           70    i.Reset_Function    spaceinvaders.o
    0x0000153c   0x0000153c   0x00000120   Code   RO          415    i.ST7735_DrawBitmap  st7735.o
    0x0000165c   0x0000165c   0x000000f8   Code   RO          417    i.ST7735_DrawCharS  st7735.o
    0x00001754   0x00001754   0x00000048   Code   RO          421    i.ST7735_DrawPixel  st7735.o
    0x0000179c   0x0000179c   0x00000054   Code   RO          423    i.ST7735_DrawString  st7735.o
    0x000017f0   0x000017f0   0x000000ac   Code   RO          424    i.ST7735_FillRect   st7735.o
    0x0000189c   0x0000189c   0x00000024   Code   RO          425    i.ST7735_FillScreen  st7735.o
    0x000018c0   0x000018c0   0x0000007c   Code   RO          427    i.ST7735_InitR      st7735.o
    0x0000193c   0x0000193c   0x000000d4   Code   RO          429    i.ST7735_OutChar    st7735.o
    0x00001a10   0x00001a10   0x00000016   Code   RO          431    i.ST7735_OutString  st7735.o
    0x00001a26   0x00001a26   0x00000002   PAD
    0x00001a28   0x00001a28   0x00000084   Code   RO          432    i.ST7735_OutUDec    st7735.o
    0x00001aac   0x00001aac   0x00000020   Code   RO          441    i.ST7735_SetCursor  st7735.o
    0x00001acc   0x00001acc   0x00000014   Code   RO          254    i.Scope             texas.o
    0x00001ae0   0x00001ae0   0x0000003c   Code   RO           71    i.SysTick_Handler   spaceinvaders.o
    0x00001b1c   0x00001b1c   0x0000000c   Code   RO           72    i.SysTick_Init      spaceinvaders.o
    0x00001b28   0x00001b28   0x00000014   Code   RO           73    i.SysTick_Start     spaceinvaders.o
    0x00001b3c   0x00001b3c   0x000000f8   Code   RO          255    i.TExaS_Init        texas.o
    0x00001c34   0x00001c34   0x0000001c   Code   RO           75    i.Timer0A_Handler   spaceinvaders.o
    0x00001c50   0x00001c50   0x00000060   Code   RO           16    i.Timer0_Init       timer0.o
    0x00001cb0   0x00001cb0   0x00000088   Code   RO           76    i.Timer1A_Handler   spaceinvaders.o
    0x00001d38   0x00001d38   0x00000060   Code   RO           35    i.Timer1_Init       timer1.o
    0x00001d98   0x00001d98   0x00000064   Code   RO          712    i.Timer2A_Handler   wave.o
    0x00001dfc   0x00001dfc   0x00000054   Code   RO          713    i.Timer2A_Init      wave.o
    0x00001e50   0x00001e50   0x00000010   Code   RO          714    i.Timer2A_Start     wave.o
    0x00001e60   0x00001e60   0x00000054   Code   RO           77    i.Timer3A_Handler   spaceinvaders.o
    0x00001eb4   0x00001eb4   0x0000005c   Code   RO           36    i.Timer3A_Init      timer1.o
    0x00001f10   0x00001f10   0x00000018   Code   RO          257    i.Timer5A_Handler   texas.o
    0x00001f28   0x00001f28   0x00000088   Code   RO          259    i.UART0_Init        texas.o
    0x00001fb0   0x00001fb0   0x00000016   Code   RO          717    i.Wave_Init         wave.o
    0x00001fc6   0x00001fc6   0x00000002   PAD
    0x00001fc8   0x00001fc8   0x00000014   Code   RO          718    i.Wave_Killed       wave.o
    0x00001fdc   0x00001fdc   0x00000014   Code   RO          719    i.Wave_Shoot        wave.o
    0x00001ff0   0x00001ff0   0x0000001c   Code   RO          720    i.Wave_Start        wave.o
    0x0000200c   0x0000200c   0x00000010   Code   RO          721    i.Wave_Stop         wave.o
    0x0000201c   0x0000201c   0x00000056   Code   RO          445    i.commandList       st7735.o
    0x00002072   0x00002072   0x00000002   PAD
    0x00002074   0x00002074   0x00000188   Code   RO          446    i.commonInit        st7735.o
    0x000021fc   0x000021fc   0x00000494   Code   RO           78    i.main              spaceinvaders.o
    0x00002690   0x00002690   0x00000012   Code   RO          451    i.pushColor         st7735.o
    0x000026a2   0x000026a2   0x00000002   PAD
    0x000026a4   0x000026a4   0x00000074   Code   RO          452    i.setAddrWindow     st7735.o
    0x00002718   0x00002718   0x0000001c   Code   RO          453    i.writecommand      st7735.o
    0x00002734   0x00002734   0x0000001c   Code   RO          454    i.writedata         st7735.o
    0x00002750   0x00002750   0x00002788   Data   RO           80    .constdata          spaceinvaders.o
    0x00004ed8   0x00004ed8   0x00000842   Data   RO          456    .constdata          st7735.o
    0x0000571a   0x0000571a   0x00003c4b   Data   RO          722    .constdata          wave.o
    0x00009365   0x00009365   0x00000003   PAD
    0x00009368   0x00009368   0x00000020   Data   RO          952    Region$$Table       anon$$obj.o


    Execution Region ER_RW (Exec base: 0x20000000, Load base: 0x00009388, Size: 0x000006e0, Max: 0xffffffff, ABSOLUTE, COMPRESSED[0x000000e8])

    Exec Addr    Load Addr    Size         Type   Attr      Idx    E Section Name        Object

    0x20000000   COMPRESSED   0x000006a8   Data   RW           81    .data               spaceinvaders.o
    0x200006a8   COMPRESSED   0x00000004   Data   RW          262    .data               texas.o
    0x200006ac   COMPRESSED   0x0000002c   Data   RW          457    .data               st7735.o
    0x200006d8   COMPRESSED   0x00000008   Data   RW          723    .data               wave.o


    Execution Region ER_ZI (Exec base: 0x200006e0, Load base: 0x00009470, Size: 0x00000470, Max: 0xffffffff, ABSOLUTE)

    Exec Addr    Load Addr    Size         Type   Attr      Idx    E Section Name        Object

    0x200006e0        -       0x0000000c   Zero   RW          455    .bss                st7735.o
    0x200006ec        -       0x00000060   Zero   RW          824    .bss                c_w.l(libspace.o)
    0x2000074c   0x00009470   0x00000004   PAD
    0x20000750        -       0x00000000   Zero   RW            2    HEAP                startup.o
    0x20000750        -       0x00000400   Zero   RW            1    STACK               startup.o


==============================================================================

Image component sizes


      Code (inc. data)   RO Data    RW Data    ZI Data      Debug   Object Name

       280         32          0          0          0        884   adc.o
        64          2          0          0          0        260   busywait.o
        68         18          0          0          0       1169   dac.o
       124          4          0          0          0        459   pll.o
      4434       1480      10120       1704          0      15526   spaceinvaders.o
      2122        220       2114         44         12      15245   st7735.o
       692        632          0          0       1024        972   startup.o
       340          2          0          0          0        356   stringconversion.o
       896        158          0          4          0       5670   texas.o
        96         18          0          0          0       5086   timer0.o
       188         34          0          0          0       1393   timer1.o
       306         66      15435          8          0       4579   wave.o

    ----------------------------------------------------------------------
      9620       2666      27704       1760       1036      51599   Object Totals
         0          0         32          0          0          0   (incl. Generated)
        10          0          3          0          0          0   (incl. Padding)

    ----------------------------------------------------------------------

      Code (inc. data)   RO Data    RW Data    ZI Data      Debug   Library Member Name

        90          0          0          0          0          0   __dczerorl2.o
         8          0          0          0          0         68   __main.o
         0          0          0          0          0          0   __rtentry.o
        12          0          0          0          0          0   __rtentry2.o
         6          0          0          0          0          0   __rtentry4.o
        52          8          0          0          0          0   __scatter.o
        28          0          0          0          0          0   __scatter_zi.o
        18          0          0          0          0         80   exit.o
         6          0          0          0          0        152   heapauxi.o
         0          0          0          0          0          0   indicate_semi.o
         2          0          0          0          0          0   libinit.o
         2          0          0          0          0          0   libinit2.o
         2          0          0          0          0          0   libshutdown.o
         2          0          0          0          0          0   libshutdown2.o
         8          4          0          0         96         68   libspace.o
       100          0          0          0          0         80   rt_memcpy_w.o
         2          0          0          0          0          0   rtexit.o
        10          0          0          0          0          0   rtexit2.o
        12          4          0          0          0         68   sys_exit.o
        74          0          0          0          0         80   sys_stackheap_outer.o
         2          0          0          0          0         68   use_no_semi.o

    ----------------------------------------------------------------------
       444         16          0          0        100        664   Library Totals
         8          0          0          0          4          0   (incl. Padding)

    ----------------------------------------------------------------------

      Code (inc. data)   RO Data    RW Data    ZI Data      Debug   Library Name

       436         16          0          0         96        664   c_w.l

    ----------------------------------------------------------------------
       444         16          0          0        100        664   Library Totals

    ----------------------------------------------------------------------

==============================================================================


      Code (inc. data)   RO Data    RW Data    ZI Data      Debug   

     10064       2682      27704       1760       1136      48671   Grand Totals
     10064       2682      27704        232       1136      48671   ELF Image Totals (compressed)
     10064       2682      27704        232          0          0   ROM Totals

==============================================================================

    Total RO  Size (Code + RO Data)                37768 (  36.88kB)
    Total RW  Size (RW Data + ZI Data)              2896 (   2.83kB)
    Total ROM Size (Code + RO Data + RW Data)      38000 (  37.11kB)

==============================================================================

