<html>
<body>
<pre>
<h1>µVision Build Log</h1>
<h2>Tool Versions:</h2>
IDE-Version: µVision V5.41.0.0
Copyright (C) 2024 ARM Ltd and ARM Germany GmbH. All rights reserved.
License Information: Nikhil Kabra, UT Austin, LIC=CUUKI-CZWB3-Z0BN8-GBZT3-JWCZ1-LX2PW
 
Tool Versions:
Toolchain:       MDK-ARM Community  Version: 5.41.0.0
Toolchain Path:  C:\Keil_v5\ARM\Arm_Compiler_5.06_update_7\Bin
C Compiler:      Armcc.exe V5.06 update 7 (build 960)
Assembler:       Armasm.exe V5.06 update 7 (build 960)
Linker/Locator:  ArmLink.exe V5.06 update 7 (build 960)
Library Manager: ArmAr.exe V5.06 update 7 (build 960)
Hex Converter:   FromElf.exe V5.06 update 7 (build 960)
CPU DLL:         SARMCM3.DLL V5.41.0.0
Dialog DLL:      DCM.DLL V1.17.5.0
Target DLL:      lmidk-agdi.dll V???
Dialog DLL:      TCM.DLL V1.56.4.0
 
<h2>Project:</h2>
C:\Keil_v5\EE319KwareSpring2023\Lab10_EE319K\SpaceInvaders.uvprojx
Project File Date:  01/14/2025

<h2>Output:</h2>
*** Using Compiler 'V5.06 update 7 (build 960)', folder: 'C:\Keil_v5\ARM\Arm_Compiler_5.06_update_7\Bin'
Rebuild target 'SpaceInvaders'
assembling startup.s...
compiling Timer1.c...
compiling SpaceInvaders.c...
assembling random.s...
assembling BusyWait.s...
compiling ST7735.c...
assembling StringConversion.s...
compiling DAC.c...
..\inc\DAC.c(39): warning:  #1-D: last line of file ends without a newline
  }
..\inc\DAC.c: 1 warning, 0 errors
compiling PLL.c...
compiling ADC.c...
compiling Timer0.c...
compiling TExaS.c...
compiling wave.c...
..\inc\wave.c(134): warning:  #1-D: last line of file ends without a newline
  //C:\Keil_v5\EE319KwareSpring2023\inc\wave.c
..\inc\wave.c: 1 warning, 0 errors
linking...
Program Size: Code=10064 RO-data=27704 RW-data=1760 ZI-data=1136  
".\SpaceInvaders.axf" - 0 Error(s), 2 Warning(s).

<h2>Software Packages used:</h2>

Package Vendor: ARM
                https://www.keil.com/pack/ARM.CMSIS.6.1.0.pack
                ARM::CMSIS@6.1.0
                CMSIS (Common Microcontroller Software Interface Standard)
   * Component: CORE Version: 6.1.0

Package Vendor: Keil
                http://www.keil.com/pack/Keil.TM4C_DFP.1.1.0.pack
                Keil::TM4C_DFP@1.1.0
                Texas Instruments Tiva C Series Device Support and Examples

<h2>Collection of Component include folders:</h2>
  ./RTE/_SpaceInvaders
  C:/Users/nikhi/AppData/Local/Arm/Packs/ARM/CMSIS/6.1.0/CMSIS/Core/Include
  C:/Users/nikhi/AppData/Local/Arm/Packs/Keil/TM4C_DFP/1.1.0/Device/Include/TM4C123

<h2>Collection of Component Files used:</h2>

   * Component: ARM::CMSIS:CORE@6.1.0
Build Time Elapsed:  00:00:01
</pre>
</body>
</html>
